2026-09-02 23:31:33,076 INFO o.a.j.u.JMeterUtils: Setting Locale to en_EN
2026-09-02 23:31:33,102 INFO o.a.j.JMeter: Loading user properties from: user.properties
2026-09-02 23:31:33,102 INFO o.a.j.JMeter: Loading system properties from: C:\Users\Anamaria\tools\apache-jmeter-5.6.3\bin\system.properties
2026-09-02 23:31:33,104 INFO o.a.j.JMeter: Loading additional properties from: C:\Users\Anamaria\IdeaProjects\booking-concurrency-study\benchmarks\jmeter\results\jmeter-repeated-t50\rep-15.properties
2026-09-02 23:31:33,104 INFO o.a.j.JMeter: Copyright (c) 1998-2024 The Apache Software Foundation
2026-09-02 23:31:33,104 INFO o.a.j.JMeter: Version 5.6.3
2026-09-02 23:31:33,104 INFO o.a.j.JMeter: java.version=21.0.9
2026-09-02 23:31:33,104 INFO o.a.j.JMeter: java.vm.name=Java HotSpot(TM) 64-Bit Server VM
2026-09-02 23:31:33,104 INFO o.a.j.JMeter: os.name=Windows 11
2026-09-02 23:31:33,104 INFO o.a.j.JMeter: os.arch=amd64
2026-09-02 23:31:33,104 INFO o.a.j.JMeter: os.version=10.0
2026-09-02 23:31:33,104 INFO o.a.j.JMeter: file.encoding=UTF-8
2026-09-02 23:31:33,104 INFO o.a.j.JMeter: java.awt.headless=true
2026-09-02 23:31:33,104 INFO o.a.j.JMeter: Max memory     =1073741824
2026-09-02 23:31:33,104 INFO o.a.j.JMeter: Available Processors =22
2026-09-02 23:31:33,116 INFO o.a.j.JMeter: Default Locale=English (EN)
2026-09-02 23:31:33,116 INFO o.a.j.JMeter: JMeter  Locale=English (EN)
2026-09-02 23:31:33,116 INFO o.a.j.JMeter: JMeterHome=C:\Users\Anamaria\tools\apache-jmeter-5.6.3
2026-09-02 23:31:33,116 INFO o.a.j.JMeter: user.dir  =C:\Users\Anamaria\IdeaProjects\booking-concurrency-study\benchmarks\jmeter
2026-09-02 23:31:33,116 INFO o.a.j.JMeter: PWD       =C:\Users\Anamaria\IdeaProjects\booking-concurrency-study\benchmarks\jmeter
2026-09-02 23:31:33,116 INFO o.a.j.JMeter: IP: 192.168.1.177 Name: DESKTOP-96QVCIH FullName: DESKTOP-96QVCIH
2026-09-02 23:31:33,128 INFO o.a.j.JMeter: Setting property 'jmeter.reportgenerator.outputdir' to:'C:\Users\Anamaria\IdeaProjects\booking-concurrency-study\benchmarks\jmeter\results\jmeter-repeated-t50\rep-15-report'
2026-09-02 23:31:33,132 INFO o.a.j.s.FileServer: Default base='C:\Users\Anamaria\IdeaProjects\booking-concurrency-study\benchmarks\jmeter'
2026-09-02 23:31:33,132 INFO o.a.j.s.FileServer: Set new base='C:\Users\Anamaria\IdeaProjects\booking-concurrency-study\benchmarks\jmeter'
2026-09-02 23:31:33,291 INFO o.a.j.s.SaveService: Testplan (JMX) version: 2.2. Testlog (JTL) version: 2.2
2026-09-02 23:31:33,322 INFO o.a.j.s.SaveService: Using SaveService properties version 5.0
2026-09-02 23:31:33,322 INFO o.a.j.s.SaveService: Using SaveService properties file encoding UTF-8
2026-09-02 23:31:33,322 INFO o.a.j.s.SaveService: Loading file: C:\Users\Anamaria\IdeaProjects\booking-concurrency-study\benchmarks\jmeter\booking-locking-study.jmx
2026-09-02 23:31:33,369 INFO o.a.j.p.h.s.HTTPSamplerBase: Parser for text/html is org.apache.jmeter.protocol.http.parser.LagartoBasedHtmlParser
2026-09-02 23:31:33,369 INFO o.a.j.p.h.s.HTTPSamplerBase: Parser for application/xhtml+xml is org.apache.jmeter.protocol.http.parser.LagartoBasedHtmlParser
2026-09-02 23:31:33,369 INFO o.a.j.p.h.s.HTTPSamplerBase: Parser for application/xml is org.apache.jmeter.protocol.http.parser.LagartoBasedHtmlParser
2026-09-02 23:31:33,369 INFO o.a.j.p.h.s.HTTPSamplerBase: Parser for text/xml is org.apache.jmeter.protocol.http.parser.LagartoBasedHtmlParser
2026-09-02 23:31:33,369 INFO o.a.j.p.h.s.HTTPSamplerBase: Parser for text/vnd.wap.wml is org.apache.jmeter.protocol.http.parser.RegexpHTMLParser
2026-09-02 23:31:33,369 INFO o.a.j.p.h.s.HTTPSamplerBase: Parser for text/css is org.apache.jmeter.protocol.http.parser.CssParser
2026-09-02 23:31:33,401 INFO o.a.j.JMeter: Creating summariser <summary>
2026-09-02 23:31:33,405 INFO o.a.j.r.d.ReportGenerator: ReportGenerator will use for Parsing the separator: ','
2026-09-02 23:31:33,405 INFO o.a.j.r.d.ReportGenerator: Will generate report at end of test from  results file: C:\Users\Anamaria\IdeaProjects\booking-concurrency-study\benchmarks\jmeter\results\jmeter-repeated-t50\rep-15.jtl
2026-09-02 23:31:33,405 INFO o.a.j.r.d.ReportGenerator: Reading report generator properties from: C:\Users\Anamaria\tools\apache-jmeter-5.6.3\bin\reportgenerator.properties
2026-09-02 23:31:33,405 INFO o.a.j.r.d.ReportGenerator: Merging with JMeter properties
2026-09-02 23:31:33,407 INFO o.a.j.r.c.ReportGeneratorConfiguration: Property 'jmeter.reportgenerator.temp_dir' not found, using default value 'temp' instead.
2026-09-02 23:31:33,407 INFO o.a.j.r.c.ReportGeneratorConfiguration: Property 'jmeter.reportgenerator.apdex_per_transaction' not found, using default value 'null' instead.
2026-09-02 23:31:33,407 INFO o.a.j.r.c.ReportGeneratorConfiguration: apdex_per_transaction is empty, not APDEX per transaction customization
2026-09-02 23:31:33,407 INFO o.a.j.r.c.ReportGeneratorConfiguration: Property 'jmeter.reportgenerator.sample_filter' not found, using default value 'null' instead.
2026-09-02 23:31:33,407 INFO o.a.j.r.c.ReportGeneratorConfiguration: Property 'jmeter.reportgenerator.report_title' not found, using default value 'null' instead.
2026-09-02 23:31:33,407 INFO o.a.j.r.c.ReportGeneratorConfiguration: Property 'jmeter.reportgenerator.start_date' not found, using default value 'null' instead.
2026-09-02 23:31:33,407 INFO o.a.j.r.c.ReportGeneratorConfiguration: Property 'jmeter.reportgenerator.end_date' not found, using default value 'null' instead.
2026-09-02 23:31:33,407 INFO o.a.j.r.c.ReportGeneratorConfiguration: Property 'jmeter.reportgenerator.date_format' not found, using default value 'null' instead.
2026-09-02 23:31:33,407 INFO o.a.j.r.c.ReportGeneratorConfiguration: Will use date range start date: null, end date: null
2026-09-02 23:31:33,407 INFO o.a.j.r.c.ReportGeneratorConfiguration: Property 'jmeter.reportgenerator.graph.totalTPS.exclude_controllers' not found, using default value 'false' instead.
2026-09-02 23:31:33,407 INFO o.a.j.r.c.ReportGeneratorConfiguration: Property 'jmeter.reportgenerator.graph.activeThreadsOverTime.exclude_controllers' not found, using default value 'false' instead.
2026-09-02 23:31:33,407 INFO o.a.j.r.c.ReportGeneratorConfiguration: Property 'jmeter.reportgenerator.graph.timeVsThreads.exclude_controllers' not found, using default value 'false' instead.
2026-09-02 23:31:33,407 INFO o.a.j.r.c.ReportGeneratorConfiguration: Property 'jmeter.reportgenerator.graph.responseTimeDistribution.exclude_controllers' not found, using default value 'false' instead.
2026-09-02 23:31:33,407 INFO o.a.j.r.c.ReportGeneratorConfiguration: Property 'jmeter.reportgenerator.graph.transactionsPerSecond.exclude_controllers' not found, using default value 'false' instead.
2026-09-02 23:31:33,407 INFO o.a.j.r.c.ReportGeneratorConfiguration: Property 'jmeter.reportgenerator.graph.responseTimePercentiles.exclude_controllers' not found, using default value 'false' instead.
2026-09-02 23:31:33,407 INFO o.a.j.r.c.ReportGeneratorConfiguration: Property 'jmeter.reportgenerator.graph.responseTimePercentilesOverTime.exclude_controllers' not found, using default value 'false' instead.
2026-09-02 23:31:33,407 INFO o.a.j.r.c.ReportGeneratorConfiguration: Property 'jmeter.reportgenerator.graph.responseTimesOverTime.exclude_controllers' not found, using default value 'false' instead.
2026-09-02 23:31:33,407 INFO o.a.j.r.c.ReportGeneratorConfiguration: Property 'jmeter.reportgenerator.graph.connectTimeOverTime.exclude_controllers' not found, using default value 'false' instead.
2026-09-02 23:31:33,407 INFO o.a.j.r.c.ReportGeneratorConfiguration: Property 'jmeter.reportgenerator.graph.latenciesOverTime.exclude_controllers' not found, using default value 'false' instead.
2026-09-02 23:31:33,407 INFO o.a.j.r.c.ReportGeneratorConfiguration: Property 'jmeter.reportgenerator.exporter.json.filters_only_sample_series' not found, using default value 'true' instead.
2026-09-02 23:31:33,407 INFO o.a.j.r.c.ReportGeneratorConfiguration: Property 'jmeter.reportgenerator.exporter.json.series_filter' not found, using default value '' instead.
2026-09-02 23:31:33,407 INFO o.a.j.r.c.ReportGeneratorConfiguration: Property 'jmeter.reportgenerator.exporter.json.show_controllers_only' not found, using default value 'false' instead.
2026-09-02 23:31:33,407 INFO o.a.j.r.c.ReportGeneratorConfiguration: Property 'jmeter.reportgenerator.exporter.html.filters_only_sample_series' not found, using default value 'true' instead.
2026-09-02 23:31:33,407 INFO o.a.j.r.c.ReportGeneratorConfiguration: Property 'jmeter.reportgenerator.exporter.html.series_filter' not found, using default value '' instead.
2026-09-02 23:31:33,407 INFO o.a.j.r.c.ReportGeneratorConfiguration: Property 'jmeter.reportgenerator.exporter.html.show_controllers_only' not found, using default value 'false' instead.
2026-09-02 23:31:33,419 INFO o.a.j.e.StandardJMeterEngine: Running the test!
2026-09-02 23:31:33,419 INFO o.a.j.s.SampleEvent: List of sample_variables: []
2026-09-02 23:31:33,419 INFO o.a.j.s.SampleEvent: List of sample_variables: []
2026-09-02 23:31:33,419 INFO o.a.j.e.u.CompoundVariable: Note: Function class names must contain the string: '.functions.'
2026-09-02 23:31:33,419 INFO o.a.j.e.u.CompoundVariable: Note: Function class names must not contain the string: '.gui.'
2026-09-02 23:31:33,467 INFO o.a.j.JMeter: Running test (1788381093467)
2026-09-02 23:31:33,493 INFO o.a.j.e.StandardJMeterEngine: Starting ThreadGroup: 1 : 01-unsafe
2026-09-02 23:31:33,493 INFO o.a.j.e.StandardJMeterEngine: Starting 50 threads for group 01-unsafe.
2026-09-02 23:31:33,493 INFO o.a.j.e.StandardJMeterEngine: Thread will continue on error
2026-09-02 23:31:33,493 INFO o.a.j.t.ThreadGroup: Starting thread group... number=1 threads=50 ramp-up=5 delayedStart=false
2026-09-02 23:31:33,508 INFO o.a.j.t.JMeterThread: Thread started: 01-unsafe 1-1
2026-09-02 23:31:33,524 INFO o.a.j.t.ThreadGroup: Started thread group number 1
2026-09-02 23:31:33,524 INFO o.a.j.e.StandardJMeterEngine: Waiting for thread group: 01-unsafe to finish before starting next group
2026-09-02 23:31:33,538 INFO o.a.j.p.h.s.HTTPHCAbstractImpl: Local host = DESKTOP-96QVCIH
2026-09-02 23:31:33,544 INFO o.a.j.p.h.s.HTTPHC4Impl: HTTP request retry count = 0
2026-09-02 23:31:33,546 INFO o.a.j.s.SampleResult: Note: Sample TimeStamps are START times
2026-09-02 23:31:33,546 INFO o.a.j.s.SampleResult: sampleresult.default.encoding is set to UTF-8
2026-09-02 23:31:33,546 INFO o.a.j.s.SampleResult: sampleresult.useNanoTime=true
2026-09-02 23:31:33,546 INFO o.a.j.s.SampleResult: sampleresult.nanoThreadSleep=5000
2026-09-02 23:31:33,601 INFO o.a.j.t.JMeterThread: Thread started: 01-unsafe 1-2
2026-09-02 23:31:33,703 INFO o.a.j.t.JMeterThread: Thread started: 01-unsafe 1-3
2026-09-02 23:31:33,800 INFO o.a.j.t.JMeterThread: Thread started: 01-unsafe 1-4
2026-09-02 23:31:33,898 INFO o.a.j.t.JMeterThread: Thread started: 01-unsafe 1-5
2026-09-02 23:31:33,927 INFO o.a.j.r.Summariser: summary +      1 in 00:00:00 =    2.2/s Avg:   282 Min:   282 Max:   282 Err:     0 (0.00%) Active: 5 Started: 5 Finished: 0
2026-09-02 23:31:33,956 INFO o.a.j.t.JMeterThread: Thread is done: 01-unsafe 1-1
2026-09-02 23:31:33,957 INFO o.a.j.t.JMeterThread: Thread finished: 01-unsafe 1-1
2026-09-02 23:31:33,960 INFO o.a.j.t.JMeterThread: Thread is done: 01-unsafe 1-2
2026-09-02 23:31:33,960 INFO o.a.j.t.JMeterThread: Thread finished: 01-unsafe 1-2
2026-09-02 23:31:33,969 INFO o.a.j.t.JMeterThread: Thread is done: 01-unsafe 1-3
2026-09-02 23:31:33,969 INFO o.a.j.t.JMeterThread: Thread finished: 01-unsafe 1-3
2026-09-02 23:31:33,998 INFO o.a.j.t.JMeterThread: Thread started: 01-unsafe 1-6
2026-09-02 23:31:34,055 INFO o.a.j.t.JMeterThread: Thread is done: 01-unsafe 1-4
2026-09-02 23:31:34,055 INFO o.a.j.t.JMeterThread: Thread finished: 01-unsafe 1-4
2026-09-02 23:31:34,099 INFO o.a.j.t.JMeterThread: Thread started: 01-unsafe 1-7
2026-09-02 23:31:34,144 INFO o.a.j.t.JMeterThread: Thread is done: 01-unsafe 1-5
2026-09-02 23:31:34,144 INFO o.a.j.t.JMeterThread: Thread finished: 01-unsafe 1-5
2026-09-02 23:31:34,198 INFO o.a.j.t.JMeterThread: Thread is done: 01-unsafe 1-6
2026-09-02 23:31:34,198 INFO o.a.j.t.JMeterThread: Thread finished: 01-unsafe 1-6
2026-09-02 23:31:34,198 INFO o.a.j.t.JMeterThread: Thread started: 01-unsafe 1-8
2026-09-02 23:31:34,296 INFO o.a.j.t.JMeterThread: Thread started: 01-unsafe 1-9
2026-09-02 23:31:34,296 INFO o.a.j.t.JMeterThread: Thread is done: 01-unsafe 1-7
2026-09-02 23:31:34,296 INFO o.a.j.t.JMeterThread: Thread finished: 01-unsafe 1-7
2026-09-02 23:31:34,396 INFO o.a.j.t.JMeterThread: Thread started: 01-unsafe 1-10
2026-09-02 23:31:34,499 INFO o.a.j.t.JMeterThread: Thread started: 01-unsafe 1-11
2026-09-02 23:31:34,600 INFO o.a.j.t.JMeterThread: Thread started: 01-unsafe 1-12
2026-09-02 23:31:34,619 INFO o.a.j.t.JMeterThread: Thread is done: 01-unsafe 1-8
2026-09-02 23:31:34,620 INFO o.a.j.t.JMeterThread: Thread finished: 01-unsafe 1-8
2026-09-02 23:31:34,698 INFO o.a.j.t.JMeterThread: Thread started: 01-unsafe 1-13
2026-09-02 23:31:34,798 INFO o.a.j.t.JMeterThread: Thread started: 01-unsafe 1-14
2026-09-02 23:31:34,827 INFO o.a.j.t.JMeterThread: Thread is done: 01-unsafe 1-9
2026-09-02 23:31:34,827 INFO o.a.j.t.JMeterThread: Thread finished: 01-unsafe 1-9
2026-09-02 23:31:34,860 INFO o.a.j.t.JMeterThread: Thread is done: 01-unsafe 1-10
2026-09-02 23:31:34,860 INFO o.a.j.t.JMeterThread: Thread finished: 01-unsafe 1-10
2026-09-02 23:31:34,888 INFO o.a.j.t.JMeterThread: Thread is done: 01-unsafe 1-11
2026-09-02 23:31:34,888 INFO o.a.j.t.JMeterThread: Thread finished: 01-unsafe 1-11
2026-09-02 23:31:34,894 INFO o.a.j.t.JMeterThread: Thread started: 01-unsafe 1-15
2026-09-02 23:31:34,937 INFO o.a.j.t.JMeterThread: Thread is done: 01-unsafe 1-12
2026-09-02 23:31:34,937 INFO o.a.j.t.JMeterThread: Thread finished: 01-unsafe 1-12
2026-09-02 23:31:34,995 INFO o.a.j.t.JMeterThread: Thread started: 01-unsafe 1-16
2026-09-02 23:31:35,092 INFO o.a.j.t.JMeterThread: Thread is done: 01-unsafe 1-13
2026-09-02 23:31:35,092 INFO o.a.j.t.JMeterThread: Thread finished: 01-unsafe 1-13
2026-09-02 23:31:35,095 INFO o.a.j.t.JMeterThread: Thread started: 01-unsafe 1-17
2026-09-02 23:31:35,184 INFO o.a.j.t.JMeterThread: Thread is done: 01-unsafe 1-14
2026-09-02 23:31:35,184 INFO o.a.j.t.JMeterThread: Thread finished: 01-unsafe 1-14
2026-09-02 23:31:35,197 INFO o.a.j.t.JMeterThread: Thread started: 01-unsafe 1-18
2026-09-02 23:31:35,284 INFO o.a.j.t.JMeterThread: Thread is done: 01-unsafe 1-15
2026-09-02 23:31:35,284 INFO o.a.j.t.JMeterThread: Thread finished: 01-unsafe 1-15
2026-09-02 23:31:35,298 INFO o.a.j.t.JMeterThread: Thread started: 01-unsafe 1-19
2026-09-02 23:31:35,413 INFO o.a.j.t.JMeterThread: Thread started: 01-unsafe 1-20
2026-09-02 23:31:35,438 INFO o.a.j.t.JMeterThread: Thread is done: 01-unsafe 1-16
2026-09-02 23:31:35,438 INFO o.a.j.t.JMeterThread: Thread finished: 01-unsafe 1-16
2026-09-02 23:31:35,503 INFO o.a.j.t.JMeterThread: Thread is done: 01-unsafe 1-17
2026-09-02 23:31:35,503 INFO o.a.j.t.JMeterThread: Thread finished: 01-unsafe 1-17
2026-09-02 23:31:35,503 INFO o.a.j.t.JMeterThread: Thread started: 01-unsafe 1-21
2026-09-02 23:31:35,614 INFO o.a.j.t.JMeterThread: Thread started: 01-unsafe 1-22
2026-09-02 23:31:35,661 INFO o.a.j.t.JMeterThread: Thread is done: 01-unsafe 1-18
2026-09-02 23:31:35,661 INFO o.a.j.t.JMeterThread: Thread finished: 01-unsafe 1-18
2026-09-02 23:31:35,661 INFO o.a.j.t.JMeterThread: Thread is done: 01-unsafe 1-19
2026-09-02 23:31:35,661 INFO o.a.j.t.JMeterThread: Thread finished: 01-unsafe 1-19
2026-09-02 23:31:35,708 INFO o.a.j.t.JMeterThread: Thread started: 01-unsafe 1-23
2026-09-02 23:31:35,724 INFO o.a.j.t.JMeterThread: Thread is done: 01-unsafe 1-20
2026-09-02 23:31:35,724 INFO o.a.j.t.JMeterThread: Thread finished: 01-unsafe 1-20
2026-09-02 23:31:35,787 INFO o.a.j.t.JMeterThread: Thread is done: 01-unsafe 1-21
2026-09-02 23:31:35,787 INFO o.a.j.t.JMeterThread: Thread finished: 01-unsafe 1-21
2026-09-02 23:31:35,803 INFO o.a.j.t.JMeterThread: Thread started: 01-unsafe 1-24
2026-09-02 23:31:35,898 INFO o.a.j.t.JMeterThread: Thread started: 01-unsafe 1-25
2026-09-02 23:31:36,040 INFO o.a.j.t.JMeterThread: Thread started: 01-unsafe 1-26
2026-09-02 23:31:36,062 INFO o.a.j.t.JMeterThread: Thread is done: 01-unsafe 1-22
2026-09-02 23:31:36,062 INFO o.a.j.t.JMeterThread: Thread finished: 01-unsafe 1-22
2026-09-02 23:31:36,119 INFO o.a.j.t.JMeterThread: Thread started: 01-unsafe 1-27
2026-09-02 23:31:36,208 INFO o.a.j.t.JMeterThread: Thread started: 01-unsafe 1-28
2026-09-02 23:31:36,316 INFO o.a.j.t.JMeterThread: Thread started: 01-unsafe 1-29
2026-09-02 23:31:36,392 INFO o.a.j.t.JMeterThread: Thread is done: 01-unsafe 1-23
2026-09-02 23:31:36,392 INFO o.a.j.t.JMeterThread: Thread finished: 01-unsafe 1-23
2026-09-02 23:31:36,407 INFO o.a.j.t.JMeterThread: Thread started: 01-unsafe 1-30
2026-09-02 23:31:36,508 INFO o.a.j.t.JMeterThread: Thread started: 01-unsafe 1-31
2026-09-02 23:31:36,533 INFO o.a.j.t.JMeterThread: Thread is done: 01-unsafe 1-24
2026-09-02 23:31:36,547 INFO o.a.j.t.JMeterThread: Thread finished: 01-unsafe 1-24
2026-09-02 23:31:36,610 INFO o.a.j.t.JMeterThread: Thread started: 01-unsafe 1-32
2026-09-02 23:31:36,689 INFO o.a.j.t.JMeterThread: Thread is done: 01-unsafe 1-25
2026-09-02 23:31:36,689 INFO o.a.j.t.JMeterThread: Thread finished: 01-unsafe 1-25
2026-09-02 23:31:36,705 INFO o.a.j.t.JMeterThread: Thread started: 01-unsafe 1-33
2026-09-02 23:31:36,733 INFO o.a.j.t.JMeterThread: Thread is done: 01-unsafe 1-26
2026-09-02 23:31:36,733 INFO o.a.j.t.JMeterThread: Thread finished: 01-unsafe 1-26
2026-09-02 23:31:36,834 INFO o.a.j.t.JMeterThread: Thread is done: 01-unsafe 1-27
2026-09-02 23:31:36,834 INFO o.a.j.t.JMeterThread: Thread finished: 01-unsafe 1-27
2026-09-02 23:31:36,834 INFO o.a.j.t.JMeterThread: Thread started: 01-unsafe 1-34
2026-09-02 23:31:36,857 INFO o.a.j.t.JMeterThread: Thread is done: 01-unsafe 1-28
2026-09-02 23:31:36,857 INFO o.a.j.t.JMeterThread: Thread finished: 01-unsafe 1-28
2026-09-02 23:31:36,859 INFO o.a.j.t.JMeterThread: Thread is done: 01-unsafe 1-29
2026-09-02 23:31:36,859 INFO o.a.j.t.JMeterThread: Thread finished: 01-unsafe 1-29
2026-09-02 23:31:36,911 INFO o.a.j.t.JMeterThread: Thread started: 01-unsafe 1-35
2026-09-02 23:31:36,949 INFO o.a.j.t.JMeterThread: Thread is done: 01-unsafe 1-31
2026-09-02 23:31:36,949 INFO o.a.j.t.JMeterThread: Thread finished: 01-unsafe 1-31
2026-09-02 23:31:36,963 INFO o.a.j.t.JMeterThread: Thread is done: 01-unsafe 1-30
2026-09-02 23:31:36,963 INFO o.a.j.t.JMeterThread: Thread finished: 01-unsafe 1-30
2026-09-02 23:31:36,982 INFO o.a.j.t.JMeterThread: Thread is done: 01-unsafe 1-33
2026-09-02 23:31:36,982 INFO o.a.j.t.JMeterThread: Thread finished: 01-unsafe 1-33
2026-09-02 23:31:36,990 INFO o.a.j.t.JMeterThread: Thread is done: 01-unsafe 1-32
2026-09-02 23:31:36,990 INFO o.a.j.t.JMeterThread: Thread finished: 01-unsafe 1-32
2026-09-02 23:31:37,006 INFO o.a.j.t.JMeterThread: Thread started: 01-unsafe 1-36
2026-09-02 23:31:37,037 INFO o.a.j.t.JMeterThread: Thread is done: 01-unsafe 1-34
2026-09-02 23:31:37,037 INFO o.a.j.t.JMeterThread: Thread finished: 01-unsafe 1-34
2026-09-02 23:31:37,101 INFO o.a.j.t.JMeterThread: Thread started: 01-unsafe 1-37
2026-09-02 23:31:37,124 INFO o.a.j.t.JMeterThread: Thread is done: 01-unsafe 1-35
2026-09-02 23:31:37,124 INFO o.a.j.t.JMeterThread: Thread finished: 01-unsafe 1-35
2026-09-02 23:31:37,196 INFO o.a.j.t.JMeterThread: Thread started: 01-unsafe 1-38
2026-09-02 23:31:37,216 INFO o.a.j.t.JMeterThread: Thread is done: 01-unsafe 1-36
2026-09-02 23:31:37,216 INFO o.a.j.t.JMeterThread: Thread finished: 01-unsafe 1-36
2026-09-02 23:31:37,307 INFO o.a.j.t.JMeterThread: Thread is done: 01-unsafe 1-37
2026-09-02 23:31:37,307 INFO o.a.j.t.JMeterThread: Thread finished: 01-unsafe 1-37
2026-09-02 23:31:37,307 INFO o.a.j.t.JMeterThread: Thread started: 01-unsafe 1-39
2026-09-02 23:31:37,403 INFO o.a.j.t.JMeterThread: Thread started: 01-unsafe 1-40
2026-09-02 23:31:37,418 INFO o.a.j.t.JMeterThread: Thread is done: 01-unsafe 1-38
2026-09-02 23:31:37,418 INFO o.a.j.t.JMeterThread: Thread finished: 01-unsafe 1-38
2026-09-02 23:31:37,497 INFO o.a.j.t.JMeterThread: Thread started: 01-unsafe 1-41
2026-09-02 23:31:37,516 INFO o.a.j.t.JMeterThread: Thread is done: 01-unsafe 1-39
2026-09-02 23:31:37,524 INFO o.a.j.t.JMeterThread: Thread finished: 01-unsafe 1-39
2026-09-02 23:31:37,608 INFO o.a.j.t.JMeterThread: Thread started: 01-unsafe 1-42
2026-09-02 23:31:37,615 INFO o.a.j.t.JMeterThread: Thread is done: 01-unsafe 1-40
2026-09-02 23:31:37,615 INFO o.a.j.t.JMeterThread: Thread finished: 01-unsafe 1-40
2026-09-02 23:31:37,719 INFO o.a.j.t.JMeterThread: Thread started: 01-unsafe 1-43
2026-09-02 23:31:37,719 INFO o.a.j.t.JMeterThread: Thread is done: 01-unsafe 1-41
2026-09-02 23:31:37,719 INFO o.a.j.t.JMeterThread: Thread finished: 01-unsafe 1-41
2026-09-02 23:31:37,814 INFO o.a.j.t.JMeterThread: Thread is done: 01-unsafe 1-42
2026-09-02 23:31:37,814 INFO o.a.j.t.JMeterThread: Thread started: 01-unsafe 1-44
2026-09-02 23:31:37,814 INFO o.a.j.t.JMeterThread: Thread finished: 01-unsafe 1-42
2026-09-02 23:31:37,908 INFO o.a.j.t.JMeterThread: Thread started: 01-unsafe 1-45
2026-09-02 23:31:38,009 INFO o.a.j.t.JMeterThread: Thread started: 01-unsafe 1-46
2026-09-02 23:31:38,011 INFO o.a.j.t.JMeterThread: Thread is done: 01-unsafe 1-43
2026-09-02 23:31:38,011 INFO o.a.j.t.JMeterThread: Thread finished: 01-unsafe 1-43
2026-09-02 23:31:38,085 INFO o.a.j.t.JMeterThread: Thread is done: 01-unsafe 1-44
2026-09-02 23:31:38,085 INFO o.a.j.t.JMeterThread: Thread finished: 01-unsafe 1-44
2026-09-02 23:31:38,114 INFO o.a.j.t.JMeterThread: Thread started: 01-unsafe 1-47
2026-09-02 23:31:38,162 INFO o.a.j.t.JMeterThread: Thread is done: 01-unsafe 1-45
2026-09-02 23:31:38,162 INFO o.a.j.t.JMeterThread: Thread finished: 01-unsafe 1-45
2026-09-02 23:31:38,209 INFO o.a.j.t.JMeterThread: Thread started: 01-unsafe 1-48
2026-09-02 23:31:38,216 INFO o.a.j.t.JMeterThread: Thread is done: 01-unsafe 1-46
2026-09-02 23:31:38,216 INFO o.a.j.t.JMeterThread: Thread finished: 01-unsafe 1-46
2026-09-02 23:31:38,305 INFO o.a.j.t.JMeterThread: Thread started: 01-unsafe 1-49
2026-09-02 23:31:38,352 INFO o.a.j.t.JMeterThread: Thread is done: 01-unsafe 1-47
2026-09-02 23:31:38,352 INFO o.a.j.t.JMeterThread: Thread finished: 01-unsafe 1-47
2026-09-02 23:31:38,415 INFO o.a.j.t.JMeterThread: Thread started: 01-unsafe 1-50
2026-09-02 23:31:38,415 INFO o.a.j.t.JMeterThread: Thread is done: 01-unsafe 1-48
2026-09-02 23:31:38,415 INFO o.a.j.t.JMeterThread: Thread finished: 01-unsafe 1-48
2026-09-02 23:31:38,494 INFO o.a.j.t.JMeterThread: Thread is done: 01-unsafe 1-49
2026-09-02 23:31:38,494 INFO o.a.j.t.JMeterThread: Thread finished: 01-unsafe 1-49
2026-09-02 23:31:38,640 INFO o.a.j.t.JMeterThread: Thread is done: 01-unsafe 1-50
2026-09-02 23:31:38,640 INFO o.a.j.t.JMeterThread: Thread finished: 01-unsafe 1-50
2026-09-02 23:31:38,640 INFO o.a.j.e.StandardJMeterEngine: Starting ThreadGroup: 2 : 02-synchronized
2026-09-02 23:31:38,640 INFO o.a.j.e.StandardJMeterEngine: Starting 50 threads for group 02-synchronized.
2026-09-02 23:31:38,640 INFO o.a.j.e.StandardJMeterEngine: Thread will continue on error
2026-09-02 23:31:38,640 INFO o.a.j.t.ThreadGroup: Starting thread group... number=2 threads=50 ramp-up=5 delayedStart=false
2026-09-02 23:31:38,640 INFO o.a.j.t.JMeterThread: Thread started: 02-synchronized 2-1
2026-09-02 23:31:38,765 INFO o.a.j.t.JMeterThread: Thread started: 02-synchronized 2-2
2026-09-02 23:31:38,780 INFO o.a.j.t.ThreadGroup: Started thread group number 2
2026-09-02 23:31:38,780 INFO o.a.j.e.StandardJMeterEngine: Waiting for thread group: 02-synchronized to finish before starting next group
2026-09-02 23:31:38,859 INFO o.a.j.t.JMeterThread: Thread started: 02-synchronized 2-3
2026-09-02 23:31:38,907 INFO o.a.j.t.JMeterThread: Thread is done: 02-synchronized 2-1
2026-09-02 23:31:38,907 INFO o.a.j.t.JMeterThread: Thread finished: 02-synchronized 2-1
2026-09-02 23:31:38,970 INFO o.a.j.t.JMeterThread: Thread started: 02-synchronized 2-4
2026-09-02 23:31:38,970 INFO o.a.j.t.JMeterThread: Thread is done: 02-synchronized 2-2
2026-09-02 23:31:38,970 INFO o.a.j.t.JMeterThread: Thread finished: 02-synchronized 2-2
2026-09-02 23:31:39,023 INFO o.a.j.t.JMeterThread: Thread is done: 02-synchronized 2-3
2026-09-02 23:31:39,023 INFO o.a.j.t.JMeterThread: Thread finished: 02-synchronized 2-3
2026-09-02 23:31:39,065 INFO o.a.j.t.JMeterThread: Thread started: 02-synchronized 2-5
2026-09-02 23:31:39,160 INFO o.a.j.t.JMeterThread: Thread started: 02-synchronized 2-6
2026-09-02 23:31:39,176 INFO o.a.j.t.JMeterThread: Thread is done: 02-synchronized 2-4
2026-09-02 23:31:39,176 INFO o.a.j.t.JMeterThread: Thread finished: 02-synchronized 2-4
2026-09-02 23:31:39,270 INFO o.a.j.t.JMeterThread: Thread started: 02-synchronized 2-7
2026-09-02 23:31:39,270 INFO o.a.j.t.JMeterThread: Thread is done: 02-synchronized 2-5
2026-09-02 23:31:39,270 INFO o.a.j.t.JMeterThread: Thread finished: 02-synchronized 2-5
2026-09-02 23:31:39,365 INFO o.a.j.t.JMeterThread: Thread started: 02-synchronized 2-8
2026-09-02 23:31:39,365 INFO o.a.j.t.JMeterThread: Thread is done: 02-synchronized 2-6
2026-09-02 23:31:39,365 INFO o.a.j.t.JMeterThread: Thread finished: 02-synchronized 2-6
2026-09-02 23:31:39,475 INFO o.a.j.t.JMeterThread: Thread started: 02-synchronized 2-9
2026-09-02 23:31:39,538 INFO o.a.j.t.JMeterThread: Thread is done: 02-synchronized 2-7
2026-09-02 23:31:39,538 INFO o.a.j.t.JMeterThread: Thread finished: 02-synchronized 2-7
2026-09-02 23:31:39,570 INFO o.a.j.t.JMeterThread: Thread started: 02-synchronized 2-10
2026-09-02 23:31:39,617 INFO o.a.j.t.JMeterThread: Thread is done: 02-synchronized 2-8
2026-09-02 23:31:39,617 INFO o.a.j.t.JMeterThread: Thread finished: 02-synchronized 2-8
2026-09-02 23:31:39,664 INFO o.a.j.t.JMeterThread: Thread started: 02-synchronized 2-11
2026-09-02 23:31:39,688 INFO o.a.j.t.JMeterThread: Thread is done: 02-synchronized 2-9
2026-09-02 23:31:39,688 INFO o.a.j.t.JMeterThread: Thread finished: 02-synchronized 2-9
2026-09-02 23:31:39,734 INFO o.a.j.t.JMeterThread: Thread is done: 02-synchronized 2-10
2026-09-02 23:31:39,734 INFO o.a.j.t.JMeterThread: Thread finished: 02-synchronized 2-10
2026-09-02 23:31:39,775 INFO o.a.j.t.JMeterThread: Thread started: 02-synchronized 2-12
2026-09-02 23:31:39,838 INFO o.a.j.t.JMeterThread: Thread is done: 02-synchronized 2-11
2026-09-02 23:31:39,838 INFO o.a.j.t.JMeterThread: Thread finished: 02-synchronized 2-11
2026-09-02 23:31:39,872 INFO o.a.j.t.JMeterThread: Thread started: 02-synchronized 2-13
2026-09-02 23:31:39,965 INFO o.a.j.t.JMeterThread: Thread started: 02-synchronized 2-14
2026-09-02 23:31:40,029 INFO o.a.j.t.JMeterThread: Thread is done: 02-synchronized 2-12
2026-09-02 23:31:40,029 INFO o.a.j.t.JMeterThread: Thread finished: 02-synchronized 2-12
2026-09-02 23:31:40,060 INFO o.a.j.t.JMeterThread: Thread started: 02-synchronized 2-15
2026-09-02 23:31:40,092 INFO o.a.j.t.JMeterThread: Thread is done: 02-synchronized 2-13
2026-09-02 23:31:40,092 INFO o.a.j.t.JMeterThread: Thread finished: 02-synchronized 2-13
2026-09-02 23:31:40,155 INFO o.a.j.t.JMeterThread: Thread started: 02-synchronized 2-16
2026-09-02 23:31:40,171 INFO o.a.j.t.JMeterThread: Thread is done: 02-synchronized 2-14
2026-09-02 23:31:40,171 INFO o.a.j.t.JMeterThread: Thread finished: 02-synchronized 2-14
2026-09-02 23:31:40,265 INFO o.a.j.t.JMeterThread: Thread started: 02-synchronized 2-17
2026-09-02 23:31:40,281 INFO o.a.j.t.JMeterThread: Thread is done: 02-synchronized 2-15
2026-09-02 23:31:40,281 INFO o.a.j.t.JMeterThread: Thread finished: 02-synchronized 2-15
2026-09-02 23:31:40,360 INFO o.a.j.t.JMeterThread: Thread started: 02-synchronized 2-18
2026-09-02 23:31:40,367 INFO o.a.j.t.JMeterThread: Thread is done: 02-synchronized 2-16
2026-09-02 23:31:40,367 INFO o.a.j.t.JMeterThread: Thread finished: 02-synchronized 2-16
2026-09-02 23:31:40,455 INFO o.a.j.t.JMeterThread: Thread started: 02-synchronized 2-19
2026-09-02 23:31:40,467 INFO o.a.j.t.JMeterThread: Thread is done: 02-synchronized 2-17
2026-09-02 23:31:40,467 INFO o.a.j.t.JMeterThread: Thread finished: 02-synchronized 2-17
2026-09-02 23:31:40,565 INFO o.a.j.t.JMeterThread: Thread started: 02-synchronized 2-20
2026-09-02 23:31:40,565 INFO o.a.j.t.JMeterThread: Thread is done: 02-synchronized 2-18
2026-09-02 23:31:40,565 INFO o.a.j.t.JMeterThread: Thread finished: 02-synchronized 2-18
2026-09-02 23:31:40,643 INFO o.a.j.t.JMeterThread: Thread is done: 02-synchronized 2-19
2026-09-02 23:31:40,643 INFO o.a.j.t.JMeterThread: Thread finished: 02-synchronized 2-19
2026-09-02 23:31:40,659 INFO o.a.j.t.JMeterThread: Thread started: 02-synchronized 2-21
2026-09-02 23:31:40,754 INFO o.a.j.t.JMeterThread: Thread is done: 02-synchronized 2-20
2026-09-02 23:31:40,754 INFO o.a.j.t.JMeterThread: Thread finished: 02-synchronized 2-20
2026-09-02 23:31:40,769 INFO o.a.j.t.JMeterThread: Thread started: 02-synchronized 2-22
2026-09-02 23:31:40,848 INFO o.a.j.t.JMeterThread: Thread is done: 02-synchronized 2-21
2026-09-02 23:31:40,848 INFO o.a.j.t.JMeterThread: Thread finished: 02-synchronized 2-21
2026-09-02 23:31:40,864 INFO o.a.j.t.JMeterThread: Thread started: 02-synchronized 2-23
2026-09-02 23:31:40,959 INFO o.a.j.t.JMeterThread: Thread started: 02-synchronized 2-24
2026-09-02 23:31:40,975 INFO o.a.j.t.JMeterThread: Thread is done: 02-synchronized 2-22
2026-09-02 23:31:40,975 INFO o.a.j.t.JMeterThread: Thread finished: 02-synchronized 2-22
2026-09-02 23:31:41,054 INFO o.a.j.t.JMeterThread: Thread started: 02-synchronized 2-25
2026-09-02 23:31:41,070 INFO o.a.j.t.JMeterThread: Thread is done: 02-synchronized 2-23
2026-09-02 23:31:41,070 INFO o.a.j.t.JMeterThread: Thread finished: 02-synchronized 2-23
2026-09-02 23:31:41,168 INFO o.a.j.t.JMeterThread: Thread is done: 02-synchronized 2-24
2026-09-02 23:31:41,168 INFO o.a.j.t.JMeterThread: Thread finished: 02-synchronized 2-24
2026-09-02 23:31:41,181 INFO o.a.j.t.JMeterThread: Thread started: 02-synchronized 2-26
2026-09-02 23:31:41,245 INFO o.a.j.t.JMeterThread: Thread is done: 02-synchronized 2-25
2026-09-02 23:31:41,245 INFO o.a.j.t.JMeterThread: Thread finished: 02-synchronized 2-25
2026-09-02 23:31:41,277 INFO o.a.j.t.JMeterThread: Thread started: 02-synchronized 2-27
2026-09-02 23:31:41,356 INFO o.a.j.t.JMeterThread: Thread is done: 02-synchronized 2-26
2026-09-02 23:31:41,356 INFO o.a.j.t.JMeterThread: Thread finished: 02-synchronized 2-26
2026-09-02 23:31:41,372 INFO o.a.j.t.JMeterThread: Thread started: 02-synchronized 2-28
2026-09-02 23:31:41,450 INFO o.a.j.t.JMeterThread: Thread is done: 02-synchronized 2-27
2026-09-02 23:31:41,450 INFO o.a.j.t.JMeterThread: Thread finished: 02-synchronized 2-27
2026-09-02 23:31:41,482 INFO o.a.j.t.JMeterThread: Thread started: 02-synchronized 2-29
2026-09-02 23:31:41,545 INFO o.a.j.t.JMeterThread: Thread is done: 02-synchronized 2-28
2026-09-02 23:31:41,545 INFO o.a.j.t.JMeterThread: Thread finished: 02-synchronized 2-28
2026-09-02 23:31:41,577 INFO o.a.j.t.JMeterThread: Thread started: 02-synchronized 2-30
2026-09-02 23:31:41,671 INFO o.a.j.t.JMeterThread: Thread is done: 02-synchronized 2-29
2026-09-02 23:31:41,671 INFO o.a.j.t.JMeterThread: Thread finished: 02-synchronized 2-29
2026-09-02 23:31:41,687 INFO o.a.j.t.JMeterThread: Thread started: 02-synchronized 2-31
2026-09-02 23:31:41,782 INFO o.a.j.t.JMeterThread: Thread is done: 02-synchronized 2-30
2026-09-02 23:31:41,782 INFO o.a.j.t.JMeterThread: Thread started: 02-synchronized 2-32
2026-09-02 23:31:41,782 INFO o.a.j.t.JMeterThread: Thread finished: 02-synchronized 2-30
2026-09-02 23:31:41,876 INFO o.a.j.t.JMeterThread: Thread started: 02-synchronized 2-33
2026-09-02 23:31:41,892 INFO o.a.j.t.JMeterThread: Thread is done: 02-synchronized 2-31
2026-09-02 23:31:41,892 INFO o.a.j.t.JMeterThread: Thread finished: 02-synchronized 2-31
2026-09-02 23:31:41,986 INFO o.a.j.t.JMeterThread: Thread started: 02-synchronized 2-34
2026-09-02 23:31:42,002 INFO o.a.j.t.JMeterThread: Thread is done: 02-synchronized 2-32
2026-09-02 23:31:42,002 INFO o.a.j.t.JMeterThread: Thread finished: 02-synchronized 2-32
2026-09-02 23:31:42,082 INFO o.a.j.t.JMeterThread: Thread started: 02-synchronized 2-35
2026-09-02 23:31:42,097 INFO o.a.j.t.JMeterThread: Thread is done: 02-synchronized 2-33
2026-09-02 23:31:42,097 INFO o.a.j.t.JMeterThread: Thread finished: 02-synchronized 2-33
2026-09-02 23:31:42,176 INFO o.a.j.t.JMeterThread: Thread started: 02-synchronized 2-36
2026-09-02 23:31:42,211 INFO o.a.j.t.JMeterThread: Thread is done: 02-synchronized 2-34
2026-09-02 23:31:42,211 INFO o.a.j.t.JMeterThread: Thread finished: 02-synchronized 2-34
2026-09-02 23:31:42,287 INFO o.a.j.t.JMeterThread: Thread started: 02-synchronized 2-37
2026-09-02 23:31:42,287 INFO o.a.j.t.JMeterThread: Thread is done: 02-synchronized 2-35
2026-09-02 23:31:42,287 INFO o.a.j.t.JMeterThread: Thread finished: 02-synchronized 2-35
2026-09-02 23:31:42,377 INFO o.a.j.t.JMeterThread: Thread is done: 02-synchronized 2-36
2026-09-02 23:31:42,377 INFO o.a.j.t.JMeterThread: Thread finished: 02-synchronized 2-36
2026-09-02 23:31:42,381 INFO o.a.j.t.JMeterThread: Thread started: 02-synchronized 2-38
2026-09-02 23:31:42,475 INFO o.a.j.t.JMeterThread: Thread started: 02-synchronized 2-39
2026-09-02 23:31:42,507 INFO o.a.j.t.JMeterThread: Thread is done: 02-synchronized 2-37
2026-09-02 23:31:42,507 INFO o.a.j.t.JMeterThread: Thread finished: 02-synchronized 2-37
2026-09-02 23:31:42,555 INFO o.a.j.t.JMeterThread: Thread is done: 02-synchronized 2-38
2026-09-02 23:31:42,555 INFO o.a.j.t.JMeterThread: Thread finished: 02-synchronized 2-38
2026-09-02 23:31:42,571 INFO o.a.j.t.JMeterThread: Thread started: 02-synchronized 2-40
2026-09-02 23:31:42,666 INFO o.a.j.t.JMeterThread: Thread started: 02-synchronized 2-41
2026-09-02 23:31:42,670 INFO o.a.j.t.JMeterThread: Thread is done: 02-synchronized 2-39
2026-09-02 23:31:42,670 INFO o.a.j.t.JMeterThread: Thread finished: 02-synchronized 2-39
2026-09-02 23:31:42,762 INFO o.a.j.t.JMeterThread: Thread started: 02-synchronized 2-42
2026-09-02 23:31:42,792 INFO o.a.j.t.JMeterThread: Thread is done: 02-synchronized 2-40
2026-09-02 23:31:42,792 INFO o.a.j.t.JMeterThread: Thread finished: 02-synchronized 2-40
2026-09-02 23:31:42,872 INFO o.a.j.t.JMeterThread: Thread started: 02-synchronized 2-43
2026-09-02 23:31:42,887 INFO o.a.j.t.JMeterThread: Thread is done: 02-synchronized 2-41
2026-09-02 23:31:42,887 INFO o.a.j.t.JMeterThread: Thread finished: 02-synchronized 2-41
2026-09-02 23:31:42,966 INFO o.a.j.t.JMeterThread: Thread started: 02-synchronized 2-44
2026-09-02 23:31:42,966 INFO o.a.j.t.JMeterThread: Thread is done: 02-synchronized 2-42
2026-09-02 23:31:42,966 INFO o.a.j.t.JMeterThread: Thread finished: 02-synchronized 2-42
2026-09-02 23:31:43,061 INFO o.a.j.t.JMeterThread: Thread started: 02-synchronized 2-45
2026-09-02 23:31:43,076 INFO o.a.j.t.JMeterThread: Thread is done: 02-synchronized 2-43
2026-09-02 23:31:43,076 INFO o.a.j.t.JMeterThread: Thread finished: 02-synchronized 2-43
2026-09-02 23:31:43,193 INFO o.a.j.t.JMeterThread: Thread started: 02-synchronized 2-46
2026-09-02 23:31:43,218 INFO o.a.j.t.JMeterThread: Thread is done: 02-synchronized 2-44
2026-09-02 23:31:43,218 INFO o.a.j.t.JMeterThread: Thread finished: 02-synchronized 2-44
2026-09-02 23:31:43,266 INFO o.a.j.t.JMeterThread: Thread started: 02-synchronized 2-47
2026-09-02 23:31:43,330 INFO o.a.j.t.JMeterThread: Thread is done: 02-synchronized 2-45
2026-09-02 23:31:43,330 INFO o.a.j.t.JMeterThread: Thread finished: 02-synchronized 2-45
2026-09-02 23:31:43,377 INFO o.a.j.t.JMeterThread: Thread started: 02-synchronized 2-48
2026-09-02 23:31:43,440 INFO o.a.j.t.JMeterThread: Thread is done: 02-synchronized 2-46
2026-09-02 23:31:43,440 INFO o.a.j.t.JMeterThread: Thread finished: 02-synchronized 2-46
2026-09-02 23:31:43,456 INFO o.a.j.t.JMeterThread: Thread is done: 02-synchronized 2-47
2026-09-02 23:31:43,456 INFO o.a.j.t.JMeterThread: Thread finished: 02-synchronized 2-47
2026-09-02 23:31:43,471 INFO o.a.j.t.JMeterThread: Thread started: 02-synchronized 2-49
2026-09-02 23:31:43,567 INFO o.a.j.t.JMeterThread: Thread started: 02-synchronized 2-50
2026-09-02 23:31:43,598 INFO o.a.j.t.JMeterThread: Thread is done: 02-synchronized 2-48
2026-09-02 23:31:43,598 INFO o.a.j.t.JMeterThread: Thread finished: 02-synchronized 2-48
2026-09-02 23:31:43,709 INFO o.a.j.t.JMeterThread: Thread is done: 02-synchronized 2-49
2026-09-02 23:31:43,709 INFO o.a.j.t.JMeterThread: Thread finished: 02-synchronized 2-49
2026-09-02 23:31:43,804 INFO o.a.j.t.JMeterThread: Thread is done: 02-synchronized 2-50
2026-09-02 23:31:43,804 INFO o.a.j.t.JMeterThread: Thread finished: 02-synchronized 2-50
2026-09-02 23:31:43,804 INFO o.a.j.e.StandardJMeterEngine: Starting ThreadGroup: 3 : 03-reentrant-lock
2026-09-02 23:31:43,820 INFO o.a.j.e.StandardJMeterEngine: Starting 50 threads for group 03-reentrant-lock.
2026-09-02 23:31:43,820 INFO o.a.j.e.StandardJMeterEngine: Thread will continue on error
2026-09-02 23:31:43,820 INFO o.a.j.t.ThreadGroup: Starting thread group... number=3 threads=50 ramp-up=5 delayedStart=false
2026-09-02 23:31:43,820 INFO o.a.j.t.JMeterThread: Thread started: 03-reentrant-lock 3-1
2026-09-02 23:31:43,899 INFO o.a.j.t.ThreadGroup: Started thread group number 3
2026-09-02 23:31:43,899 INFO o.a.j.e.StandardJMeterEngine: Waiting for thread group: 03-reentrant-lock to finish before starting next group
2026-09-02 23:31:43,947 INFO o.a.j.t.JMeterThread: Thread started: 03-reentrant-lock 3-2
2026-09-02 23:31:44,026 INFO o.a.j.t.JMeterThread: Thread is done: 03-reentrant-lock 3-1
2026-09-02 23:31:44,026 INFO o.a.j.t.JMeterThread: Thread finished: 03-reentrant-lock 3-1
2026-09-02 23:31:44,057 INFO o.a.j.t.JMeterThread: Thread started: 03-reentrant-lock 3-3
2026-09-02 23:31:44,136 INFO o.a.j.t.JMeterThread: Thread is done: 03-reentrant-lock 3-2
2026-09-02 23:31:44,136 INFO o.a.j.t.JMeterThread: Thread finished: 03-reentrant-lock 3-2
2026-09-02 23:31:44,152 INFO o.a.j.t.JMeterThread: Thread started: 03-reentrant-lock 3-4
2026-09-02 23:31:44,262 INFO o.a.j.t.JMeterThread: Thread started: 03-reentrant-lock 3-5
2026-09-02 23:31:44,262 INFO o.a.j.t.JMeterThread: Thread is done: 03-reentrant-lock 3-3
2026-09-02 23:31:44,262 INFO o.a.j.t.JMeterThread: Thread finished: 03-reentrant-lock 3-3
2026-09-02 23:31:44,357 INFO o.a.j.t.JMeterThread: Thread started: 03-reentrant-lock 3-6
2026-09-02 23:31:44,357 INFO o.a.j.t.JMeterThread: Thread is done: 03-reentrant-lock 3-4
2026-09-02 23:31:44,357 INFO o.a.j.t.JMeterThread: Thread finished: 03-reentrant-lock 3-4
2026-09-02 23:31:44,466 INFO o.a.j.t.JMeterThread: Thread is done: 03-reentrant-lock 3-5
2026-09-02 23:31:44,466 INFO o.a.j.t.JMeterThread: Thread finished: 03-reentrant-lock 3-5
2026-09-02 23:31:44,467 INFO o.a.j.t.JMeterThread: Thread started: 03-reentrant-lock 3-7
2026-09-02 23:31:44,562 INFO o.a.j.t.JMeterThread: Thread started: 03-reentrant-lock 3-8
2026-09-02 23:31:44,595 INFO o.a.j.t.JMeterThread: Thread is done: 03-reentrant-lock 3-6
2026-09-02 23:31:44,595 INFO o.a.j.t.JMeterThread: Thread finished: 03-reentrant-lock 3-6
2026-09-02 23:31:44,656 INFO o.a.j.t.JMeterThread: Thread started: 03-reentrant-lock 3-9
2026-09-02 23:31:44,735 INFO o.a.j.t.JMeterThread: Thread is done: 03-reentrant-lock 3-7
2026-09-02 23:31:44,735 INFO o.a.j.t.JMeterThread: Thread finished: 03-reentrant-lock 3-7
2026-09-02 23:31:44,751 INFO o.a.j.t.JMeterThread: Thread started: 03-reentrant-lock 3-10
2026-09-02 23:31:44,829 INFO o.a.j.t.JMeterThread: Thread is done: 03-reentrant-lock 3-8
2026-09-02 23:31:44,829 INFO o.a.j.t.JMeterThread: Thread finished: 03-reentrant-lock 3-8
2026-09-02 23:31:44,845 INFO o.a.j.t.JMeterThread: Thread started: 03-reentrant-lock 3-11
2026-09-02 23:31:44,880 INFO o.a.j.t.JMeterThread: Thread is done: 03-reentrant-lock 3-9
2026-09-02 23:31:44,880 INFO o.a.j.t.JMeterThread: Thread finished: 03-reentrant-lock 3-9
2026-09-02 23:31:44,924 INFO o.a.j.t.JMeterThread: Thread started: 03-reentrant-lock 3-12
2026-09-02 23:31:44,940 INFO o.a.j.t.JMeterThread: Thread is done: 03-reentrant-lock 3-10
2026-09-02 23:31:44,940 INFO o.a.j.t.JMeterThread: Thread finished: 03-reentrant-lock 3-10
2026-09-02 23:31:45,035 INFO o.a.j.t.JMeterThread: Thread started: 03-reentrant-lock 3-13
2026-09-02 23:31:45,051 INFO o.a.j.t.JMeterThread: Thread is done: 03-reentrant-lock 3-11
2026-09-02 23:31:45,051 INFO o.a.j.t.JMeterThread: Thread finished: 03-reentrant-lock 3-11
2026-09-02 23:31:45,130 INFO o.a.j.t.JMeterThread: Thread started: 03-reentrant-lock 3-14
2026-09-02 23:31:45,130 INFO o.a.j.t.JMeterThread: Thread is done: 03-reentrant-lock 3-12
2026-09-02 23:31:45,130 INFO o.a.j.t.JMeterThread: Thread finished: 03-reentrant-lock 3-12
2026-09-02 23:31:45,225 INFO o.a.j.t.JMeterThread: Thread started: 03-reentrant-lock 3-15
2026-09-02 23:31:45,289 INFO o.a.j.t.JMeterThread: Thread is done: 03-reentrant-lock 3-13
2026-09-02 23:31:45,289 INFO o.a.j.t.JMeterThread: Thread finished: 03-reentrant-lock 3-13
2026-09-02 23:31:45,337 INFO o.a.j.t.JMeterThread: Thread started: 03-reentrant-lock 3-16
2026-09-02 23:31:45,352 INFO o.a.j.t.JMeterThread: Thread is done: 03-reentrant-lock 3-14
2026-09-02 23:31:45,352 INFO o.a.j.t.JMeterThread: Thread finished: 03-reentrant-lock 3-14
2026-09-02 23:31:45,415 INFO o.a.j.t.JMeterThread: Thread is done: 03-reentrant-lock 3-15
2026-09-02 23:31:45,415 INFO o.a.j.t.JMeterThread: Thread finished: 03-reentrant-lock 3-15
2026-09-02 23:31:45,431 INFO o.a.j.t.JMeterThread: Thread started: 03-reentrant-lock 3-17
2026-09-02 23:31:45,514 INFO o.a.j.t.JMeterThread: Thread is done: 03-reentrant-lock 3-16
2026-09-02 23:31:45,514 INFO o.a.j.t.JMeterThread: Thread finished: 03-reentrant-lock 3-16
2026-09-02 23:31:45,542 INFO o.a.j.t.JMeterThread: Thread started: 03-reentrant-lock 3-18
2026-09-02 23:31:45,652 INFO o.a.j.t.JMeterThread: Thread started: 03-reentrant-lock 3-19
2026-09-02 23:31:45,674 INFO o.a.j.t.JMeterThread: Thread is done: 03-reentrant-lock 3-17
2026-09-02 23:31:45,674 INFO o.a.j.t.JMeterThread: Thread finished: 03-reentrant-lock 3-17
2026-09-02 23:31:45,746 INFO o.a.j.t.JMeterThread: Thread started: 03-reentrant-lock 3-20
2026-09-02 23:31:45,794 INFO o.a.j.t.JMeterThread: Thread is done: 03-reentrant-lock 3-18
2026-09-02 23:31:45,794 INFO o.a.j.t.JMeterThread: Thread finished: 03-reentrant-lock 3-18
2026-09-02 23:31:45,842 INFO o.a.j.t.JMeterThread: Thread started: 03-reentrant-lock 3-21
2026-09-02 23:31:45,857 INFO o.a.j.t.JMeterThread: Thread is done: 03-reentrant-lock 3-19
2026-09-02 23:31:45,857 INFO o.a.j.t.JMeterThread: Thread finished: 03-reentrant-lock 3-19
2026-09-02 23:31:45,937 INFO o.a.j.t.JMeterThread: Thread started: 03-reentrant-lock 3-22
2026-09-02 23:31:45,938 INFO o.a.j.t.JMeterThread: Thread is done: 03-reentrant-lock 3-20
2026-09-02 23:31:45,938 INFO o.a.j.t.JMeterThread: Thread finished: 03-reentrant-lock 3-20
2026-09-02 23:31:46,031 INFO o.a.j.t.JMeterThread: Thread started: 03-reentrant-lock 3-23
2026-09-02 23:31:46,031 INFO o.a.j.t.JMeterThread: Thread is done: 03-reentrant-lock 3-21
2026-09-02 23:31:46,031 INFO o.a.j.t.JMeterThread: Thread finished: 03-reentrant-lock 3-21
2026-09-02 23:31:46,125 INFO o.a.j.t.JMeterThread: Thread started: 03-reentrant-lock 3-24
2026-09-02 23:31:46,125 INFO o.a.j.t.JMeterThread: Thread is done: 03-reentrant-lock 3-22
2026-09-02 23:31:46,125 INFO o.a.j.t.JMeterThread: Thread finished: 03-reentrant-lock 3-22
2026-09-02 23:31:46,220 INFO o.a.j.t.JMeterThread: Thread is done: 03-reentrant-lock 3-23
2026-09-02 23:31:46,220 INFO o.a.j.t.JMeterThread: Thread finished: 03-reentrant-lock 3-23
2026-09-02 23:31:46,251 INFO o.a.j.t.JMeterThread: Thread started: 03-reentrant-lock 3-25
2026-09-02 23:31:46,330 INFO o.a.j.t.JMeterThread: Thread is done: 03-reentrant-lock 3-24
2026-09-02 23:31:46,330 INFO o.a.j.t.JMeterThread: Thread finished: 03-reentrant-lock 3-24
2026-09-02 23:31:46,346 INFO o.a.j.t.JMeterThread: Thread started: 03-reentrant-lock 3-26
2026-09-02 23:31:46,440 INFO o.a.j.t.JMeterThread: Thread is done: 03-reentrant-lock 3-25
2026-09-02 23:31:46,440 INFO o.a.j.t.JMeterThread: Thread started: 03-reentrant-lock 3-27
2026-09-02 23:31:46,440 INFO o.a.j.t.JMeterThread: Thread finished: 03-reentrant-lock 3-25
2026-09-02 23:31:46,519 INFO o.a.j.t.JMeterThread: Thread is done: 03-reentrant-lock 3-26
2026-09-02 23:31:46,519 INFO o.a.j.t.JMeterThread: Thread finished: 03-reentrant-lock 3-26
2026-09-02 23:31:46,570 INFO o.a.j.t.JMeterThread: Thread started: 03-reentrant-lock 3-28
2026-09-02 23:31:46,631 INFO o.a.j.t.JMeterThread: Thread started: 03-reentrant-lock 3-29
2026-09-02 23:31:46,710 INFO o.a.j.t.JMeterThread: Thread is done: 03-reentrant-lock 3-27
2026-09-02 23:31:46,710 INFO o.a.j.t.JMeterThread: Thread finished: 03-reentrant-lock 3-27
2026-09-02 23:31:46,726 INFO o.a.j.t.JMeterThread: Thread started: 03-reentrant-lock 3-30
2026-09-02 23:31:46,821 INFO o.a.j.t.JMeterThread: Thread started: 03-reentrant-lock 3-31
2026-09-02 23:31:46,932 INFO o.a.j.t.JMeterThread: Thread is done: 03-reentrant-lock 3-28
2026-09-02 23:31:46,932 INFO o.a.j.t.JMeterThread: Thread finished: 03-reentrant-lock 3-28
2026-09-02 23:31:46,932 INFO o.a.j.t.JMeterThread: Thread started: 03-reentrant-lock 3-32
2026-09-02 23:31:46,948 INFO o.a.j.t.JMeterThread: Thread is done: 03-reentrant-lock 3-29
2026-09-02 23:31:46,948 INFO o.a.j.t.JMeterThread: Thread finished: 03-reentrant-lock 3-29
2026-09-02 23:31:47,026 INFO o.a.j.t.JMeterThread: Thread is done: 03-reentrant-lock 3-30
2026-09-02 23:31:47,026 INFO o.a.j.t.JMeterThread: Thread finished: 03-reentrant-lock 3-30
2026-09-02 23:31:47,042 INFO o.a.j.t.JMeterThread: Thread started: 03-reentrant-lock 3-33
2026-09-02 23:31:47,058 INFO o.a.j.t.JMeterThread: Thread is done: 03-reentrant-lock 3-31
2026-09-02 23:31:47,058 INFO o.a.j.t.JMeterThread: Thread finished: 03-reentrant-lock 3-31
2026-09-02 23:31:47,120 INFO o.a.j.t.JMeterThread: Thread is done: 03-reentrant-lock 3-32
2026-09-02 23:31:47,120 INFO o.a.j.t.JMeterThread: Thread finished: 03-reentrant-lock 3-32
2026-09-02 23:31:47,136 INFO o.a.j.t.JMeterThread: Thread started: 03-reentrant-lock 3-34
2026-09-02 23:31:47,231 INFO o.a.j.t.JMeterThread: Thread started: 03-reentrant-lock 3-35
2026-09-02 23:31:47,231 INFO o.a.j.t.JMeterThread: Thread is done: 03-reentrant-lock 3-33
2026-09-02 23:31:47,231 INFO o.a.j.t.JMeterThread: Thread finished: 03-reentrant-lock 3-33
2026-09-02 23:31:47,327 INFO o.a.j.t.JMeterThread: Thread is done: 03-reentrant-lock 3-34
2026-09-02 23:31:47,327 INFO o.a.j.t.JMeterThread: Thread finished: 03-reentrant-lock 3-34
2026-09-02 23:31:47,342 INFO o.a.j.t.JMeterThread: Thread started: 03-reentrant-lock 3-36
2026-09-02 23:31:47,405 INFO o.a.j.t.JMeterThread: Thread is done: 03-reentrant-lock 3-35
2026-09-02 23:31:47,405 INFO o.a.j.t.JMeterThread: Thread finished: 03-reentrant-lock 3-35
2026-09-02 23:31:47,437 INFO o.a.j.t.JMeterThread: Thread started: 03-reentrant-lock 3-37
2026-09-02 23:31:47,515 INFO o.a.j.t.JMeterThread: Thread is done: 03-reentrant-lock 3-36
2026-09-02 23:31:47,515 INFO o.a.j.t.JMeterThread: Thread finished: 03-reentrant-lock 3-36
2026-09-02 23:31:47,531 INFO o.a.j.t.JMeterThread: Thread started: 03-reentrant-lock 3-38
2026-09-02 23:31:47,611 INFO o.a.j.t.JMeterThread: Thread is done: 03-reentrant-lock 3-37
2026-09-02 23:31:47,611 INFO o.a.j.t.JMeterThread: Thread finished: 03-reentrant-lock 3-37
2026-09-02 23:31:47,627 INFO o.a.j.t.JMeterThread: Thread started: 03-reentrant-lock 3-39
2026-09-02 23:31:47,722 INFO o.a.j.t.JMeterThread: Thread started: 03-reentrant-lock 3-40
2026-09-02 23:31:47,722 INFO o.a.j.t.JMeterThread: Thread is done: 03-reentrant-lock 3-38
2026-09-02 23:31:47,737 INFO o.a.j.t.JMeterThread: Thread finished: 03-reentrant-lock 3-38
2026-09-02 23:31:47,817 INFO o.a.j.t.JMeterThread: Thread is done: 03-reentrant-lock 3-39
2026-09-02 23:31:47,817 INFO o.a.j.t.JMeterThread: Thread finished: 03-reentrant-lock 3-39
2026-09-02 23:31:47,833 INFO o.a.j.t.JMeterThread: Thread started: 03-reentrant-lock 3-41
2026-09-02 23:31:47,928 INFO o.a.j.t.JMeterThread: Thread started: 03-reentrant-lock 3-42
2026-09-02 23:31:47,928 INFO o.a.j.t.JMeterThread: Thread is done: 03-reentrant-lock 3-40
2026-09-02 23:31:47,928 INFO o.a.j.t.JMeterThread: Thread finished: 03-reentrant-lock 3-40
2026-09-02 23:31:48,023 INFO o.a.j.t.JMeterThread: Thread started: 03-reentrant-lock 3-43
2026-09-02 23:31:48,023 INFO o.a.j.t.JMeterThread: Thread is done: 03-reentrant-lock 3-41
2026-09-02 23:31:48,023 INFO o.a.j.t.JMeterThread: Thread finished: 03-reentrant-lock 3-41
2026-09-02 23:31:48,117 INFO o.a.j.t.JMeterThread: Thread is done: 03-reentrant-lock 3-42
2026-09-02 23:31:48,117 INFO o.a.j.t.JMeterThread: Thread finished: 03-reentrant-lock 3-42
2026-09-02 23:31:48,132 INFO o.a.j.t.JMeterThread: Thread started: 03-reentrant-lock 3-44
2026-09-02 23:31:48,211 INFO o.a.j.t.JMeterThread: Thread is done: 03-reentrant-lock 3-43
2026-09-02 23:31:48,211 INFO o.a.j.t.JMeterThread: Thread finished: 03-reentrant-lock 3-43
2026-09-02 23:31:48,227 INFO o.a.j.t.JMeterThread: Thread started: 03-reentrant-lock 3-45
2026-09-02 23:31:48,322 INFO o.a.j.t.JMeterThread: Thread started: 03-reentrant-lock 3-46
2026-09-02 23:31:48,322 INFO o.a.j.t.JMeterThread: Thread is done: 03-reentrant-lock 3-44
2026-09-02 23:31:48,322 INFO o.a.j.t.JMeterThread: Thread finished: 03-reentrant-lock 3-44
2026-09-02 23:31:48,416 INFO o.a.j.t.JMeterThread: Thread is done: 03-reentrant-lock 3-45
2026-09-02 23:31:48,416 INFO o.a.j.t.JMeterThread: Thread finished: 03-reentrant-lock 3-45
2026-09-02 23:31:48,432 INFO o.a.j.t.JMeterThread: Thread started: 03-reentrant-lock 3-47
2026-09-02 23:31:48,510 INFO o.a.j.t.JMeterThread: Thread is done: 03-reentrant-lock 3-46
2026-09-02 23:31:48,510 INFO o.a.j.t.JMeterThread: Thread finished: 03-reentrant-lock 3-46
2026-09-02 23:31:48,526 INFO o.a.j.t.JMeterThread: Thread started: 03-reentrant-lock 3-48
2026-09-02 23:31:48,605 INFO o.a.j.t.JMeterThread: Thread is done: 03-reentrant-lock 3-47
2026-09-02 23:31:48,605 INFO o.a.j.t.JMeterThread: Thread finished: 03-reentrant-lock 3-47
2026-09-02 23:31:48,636 INFO o.a.j.t.JMeterThread: Thread started: 03-reentrant-lock 3-49
2026-09-02 23:31:48,700 INFO o.a.j.t.JMeterThread: Thread is done: 03-reentrant-lock 3-48
2026-09-02 23:31:48,700 INFO o.a.j.t.JMeterThread: Thread finished: 03-reentrant-lock 3-48
2026-09-02 23:31:48,731 INFO o.a.j.t.JMeterThread: Thread started: 03-reentrant-lock 3-50
2026-09-02 23:31:48,826 INFO o.a.j.t.JMeterThread: Thread is done: 03-reentrant-lock 3-49
2026-09-02 23:31:48,826 INFO o.a.j.t.JMeterThread: Thread finished: 03-reentrant-lock 3-49
2026-09-02 23:31:48,921 INFO o.a.j.t.JMeterThread: Thread is done: 03-reentrant-lock 3-50
2026-09-02 23:31:48,921 INFO o.a.j.t.JMeterThread: Thread finished: 03-reentrant-lock 3-50
2026-09-02 23:31:48,921 INFO o.a.j.e.StandardJMeterEngine: Starting ThreadGroup: 4 : 04-pessimistic
2026-09-02 23:31:48,921 INFO o.a.j.e.StandardJMeterEngine: Starting 50 threads for group 04-pessimistic.
2026-09-02 23:31:48,921 INFO o.a.j.e.StandardJMeterEngine: Thread will continue on error
2026-09-02 23:31:48,921 INFO o.a.j.t.ThreadGroup: Starting thread group... number=4 threads=50 ramp-up=5 delayedStart=false
2026-09-02 23:31:48,921 INFO o.a.j.t.JMeterThread: Thread started: 04-pessimistic 4-1
2026-09-02 23:31:48,985 INFO o.a.j.t.ThreadGroup: Started thread group number 4
2026-09-02 23:31:48,985 INFO o.a.j.e.StandardJMeterEngine: Waiting for thread group: 04-pessimistic to finish before starting next group
2026-09-02 23:31:49,033 INFO o.a.j.t.JMeterThread: Thread started: 04-pessimistic 4-2
2026-09-02 23:31:49,143 INFO o.a.j.t.JMeterThread: Thread started: 04-pessimistic 4-3
2026-09-02 23:31:49,180 INFO o.a.j.t.JMeterThread: Thread is done: 04-pessimistic 4-1
2026-09-02 23:31:49,180 INFO o.a.j.t.JMeterThread: Thread finished: 04-pessimistic 4-1
2026-09-02 23:31:49,234 INFO o.a.j.t.JMeterThread: Thread is done: 04-pessimistic 4-2
2026-09-02 23:31:49,234 INFO o.a.j.t.JMeterThread: Thread finished: 04-pessimistic 4-2
2026-09-02 23:31:49,238 INFO o.a.j.t.JMeterThread: Thread started: 04-pessimistic 4-4
2026-09-02 23:31:49,333 INFO o.a.j.t.JMeterThread: Thread started: 04-pessimistic 4-5
2026-09-02 23:31:49,445 INFO o.a.j.t.JMeterThread: Thread started: 04-pessimistic 4-6
2026-09-02 23:31:49,445 INFO o.a.j.t.JMeterThread: Thread is done: 04-pessimistic 4-3
2026-09-02 23:31:49,445 INFO o.a.j.t.JMeterThread: Thread finished: 04-pessimistic 4-3
2026-09-02 23:31:49,540 INFO o.a.j.t.JMeterThread: Thread started: 04-pessimistic 4-7
2026-09-02 23:31:49,569 INFO o.a.j.t.JMeterThread: Thread is done: 04-pessimistic 4-4
2026-09-02 23:31:49,572 INFO o.a.j.t.JMeterThread: Thread finished: 04-pessimistic 4-4
2026-09-02 23:31:49,594 INFO o.a.j.t.JMeterThread: Thread is done: 04-pessimistic 4-5
2026-09-02 23:31:49,594 INFO o.a.j.t.JMeterThread: Thread finished: 04-pessimistic 4-5
2026-09-02 23:31:49,635 INFO o.a.j.t.JMeterThread: Thread is done: 04-pessimistic 4-6
2026-09-02 23:31:49,635 INFO o.a.j.t.JMeterThread: Thread finished: 04-pessimistic 4-6
2026-09-02 23:31:49,651 INFO o.a.j.t.JMeterThread: Thread started: 04-pessimistic 4-8
2026-09-02 23:31:49,730 INFO o.a.j.t.JMeterThread: Thread is done: 04-pessimistic 4-7
2026-09-02 23:31:49,730 INFO o.a.j.t.JMeterThread: Thread finished: 04-pessimistic 4-7
2026-09-02 23:31:49,746 INFO o.a.j.t.JMeterThread: Thread started: 04-pessimistic 4-9
2026-09-02 23:31:49,825 INFO o.a.j.t.JMeterThread: Thread is done: 04-pessimistic 4-8
2026-09-02 23:31:49,825 INFO o.a.j.t.JMeterThread: Thread finished: 04-pessimistic 4-8
2026-09-02 23:31:49,840 INFO o.a.j.t.JMeterThread: Thread started: 04-pessimistic 4-10
2026-09-02 23:31:49,935 INFO o.a.j.t.JMeterThread: Thread is done: 04-pessimistic 4-9
2026-09-02 23:31:49,935 INFO o.a.j.t.JMeterThread: Thread finished: 04-pessimistic 4-9
2026-09-02 23:31:49,951 INFO o.a.j.t.JMeterThread: Thread started: 04-pessimistic 4-11
2026-09-02 23:31:50,046 INFO o.a.j.t.JMeterThread: Thread started: 04-pessimistic 4-12
2026-09-02 23:31:50,094 INFO o.a.j.t.JMeterThread: Thread is done: 04-pessimistic 4-10
2026-09-02 23:31:50,094 INFO o.a.j.t.JMeterThread: Thread finished: 04-pessimistic 4-10
2026-09-02 23:31:50,142 INFO o.a.j.t.JMeterThread: Thread started: 04-pessimistic 4-13
2026-09-02 23:31:50,206 INFO o.a.j.t.JMeterThread: Thread is done: 04-pessimistic 4-11
2026-09-02 23:31:50,206 INFO o.a.j.t.JMeterThread: Thread finished: 04-pessimistic 4-11
2026-09-02 23:31:50,253 INFO o.a.j.t.JMeterThread: Thread started: 04-pessimistic 4-14
2026-09-02 23:31:50,253 INFO o.a.j.t.JMeterThread: Thread is done: 04-pessimistic 4-12
2026-09-02 23:31:50,253 INFO o.a.j.t.JMeterThread: Thread finished: 04-pessimistic 4-12
2026-09-02 23:31:50,350 INFO o.a.j.t.JMeterThread: Thread started: 04-pessimistic 4-15
2026-09-02 23:31:50,351 INFO o.a.j.t.JMeterThread: Thread is done: 04-pessimistic 4-13
2026-09-02 23:31:50,351 INFO o.a.j.t.JMeterThread: Thread finished: 04-pessimistic 4-13
2026-09-02 23:31:50,445 INFO o.a.j.t.JMeterThread: Thread started: 04-pessimistic 4-16
2026-09-02 23:31:50,459 INFO o.a.j.t.JMeterThread: Thread is done: 04-pessimistic 4-14
2026-09-02 23:31:50,459 INFO o.a.j.t.JMeterThread: Thread finished: 04-pessimistic 4-14
2026-09-02 23:31:50,523 INFO o.a.j.t.JMeterThread: Thread is done: 04-pessimistic 4-15
2026-09-02 23:31:50,523 INFO o.a.j.t.JMeterThread: Thread finished: 04-pessimistic 4-15
2026-09-02 23:31:50,554 INFO o.a.j.t.JMeterThread: Thread started: 04-pessimistic 4-17
2026-09-02 23:31:50,602 INFO o.a.j.t.JMeterThread: Thread is done: 04-pessimistic 4-16
2026-09-02 23:31:50,602 INFO o.a.j.t.JMeterThread: Thread finished: 04-pessimistic 4-16
2026-09-02 23:31:50,666 INFO o.a.j.t.JMeterThread: Thread started: 04-pessimistic 4-18
2026-09-02 23:31:50,760 INFO o.a.j.t.JMeterThread: Thread started: 04-pessimistic 4-19
2026-09-02 23:31:50,782 INFO o.a.j.t.JMeterThread: Thread is done: 04-pessimistic 4-17
2026-09-02 23:31:50,782 INFO o.a.j.t.JMeterThread: Thread finished: 04-pessimistic 4-17
2026-09-02 23:31:50,870 INFO o.a.j.t.JMeterThread: Thread started: 04-pessimistic 4-20
2026-09-02 23:31:50,870 INFO o.a.j.t.JMeterThread: Thread is done: 04-pessimistic 4-18
2026-09-02 23:31:50,870 INFO o.a.j.t.JMeterThread: Thread finished: 04-pessimistic 4-18
2026-09-02 23:31:50,949 INFO o.a.j.t.JMeterThread: Thread is done: 04-pessimistic 4-19
2026-09-02 23:31:50,949 INFO o.a.j.t.JMeterThread: Thread finished: 04-pessimistic 4-19
2026-09-02 23:31:50,980 INFO o.a.j.t.JMeterThread: Thread started: 04-pessimistic 4-21
2026-09-02 23:31:51,060 INFO o.a.j.t.JMeterThread: Thread started: 04-pessimistic 4-22
2026-09-02 23:31:51,075 INFO o.a.j.t.JMeterThread: Thread is done: 04-pessimistic 4-20
2026-09-02 23:31:51,075 INFO o.a.j.t.JMeterThread: Thread finished: 04-pessimistic 4-20
2026-09-02 23:31:51,138 INFO o.a.j.t.JMeterThread: Thread started: 04-pessimistic 4-23
2026-09-02 23:31:51,201 INFO o.a.j.t.JMeterThread: Thread is done: 04-pessimistic 4-21
2026-09-02 23:31:51,201 INFO o.a.j.t.JMeterThread: Thread finished: 04-pessimistic 4-21
2026-09-02 23:31:51,249 INFO o.a.j.t.JMeterThread: Thread started: 04-pessimistic 4-24
2026-09-02 23:31:51,278 INFO o.a.j.t.JMeterThread: Thread is done: 04-pessimistic 4-22
2026-09-02 23:31:51,278 INFO o.a.j.t.JMeterThread: Thread finished: 04-pessimistic 4-22
2026-09-02 23:31:51,344 INFO o.a.j.t.JMeterThread: Thread started: 04-pessimistic 4-25
2026-09-02 23:31:51,344 INFO o.a.j.t.JMeterThread: Thread is done: 04-pessimistic 4-23
2026-09-02 23:31:51,344 INFO o.a.j.t.JMeterThread: Thread finished: 04-pessimistic 4-23
2026-09-02 23:31:51,440 INFO o.a.j.t.JMeterThread: Thread started: 04-pessimistic 4-26
2026-09-02 23:31:51,457 INFO o.a.j.t.JMeterThread: Thread is done: 04-pessimistic 4-24
2026-09-02 23:31:51,457 INFO o.a.j.t.JMeterThread: Thread finished: 04-pessimistic 4-24
2026-09-02 23:31:51,535 INFO o.a.j.t.JMeterThread: Thread is done: 04-pessimistic 4-25
2026-09-02 23:31:51,535 INFO o.a.j.t.JMeterThread: Thread finished: 04-pessimistic 4-25
2026-09-02 23:31:51,566 INFO o.a.j.t.JMeterThread: Thread started: 04-pessimistic 4-27
2026-09-02 23:31:51,613 INFO o.a.j.t.JMeterThread: Thread is done: 04-pessimistic 4-26
2026-09-02 23:31:51,613 INFO o.a.j.t.JMeterThread: Thread finished: 04-pessimistic 4-26
2026-09-02 23:31:51,645 INFO o.a.j.t.JMeterThread: Thread started: 04-pessimistic 4-28
2026-09-02 23:31:51,740 INFO o.a.j.t.JMeterThread: Thread is done: 04-pessimistic 4-27
2026-09-02 23:31:51,740 INFO o.a.j.t.JMeterThread: Thread finished: 04-pessimistic 4-27
2026-09-02 23:31:51,757 INFO o.a.j.t.JMeterThread: Thread started: 04-pessimistic 4-29
2026-09-02 23:31:51,827 INFO o.a.j.t.JMeterThread: Thread is done: 04-pessimistic 4-28
2026-09-02 23:31:51,827 INFO o.a.j.t.JMeterThread: Thread finished: 04-pessimistic 4-28
2026-09-02 23:31:51,869 INFO o.a.j.t.JMeterThread: Thread started: 04-pessimistic 4-30
2026-09-02 23:31:51,964 INFO o.a.j.t.JMeterThread: Thread started: 04-pessimistic 4-31
2026-09-02 23:31:51,970 INFO o.a.j.t.JMeterThread: Thread is done: 04-pessimistic 4-29
2026-09-02 23:31:51,970 INFO o.a.j.t.JMeterThread: Thread finished: 04-pessimistic 4-29
2026-09-02 23:31:52,057 INFO o.a.j.t.JMeterThread: Thread started: 04-pessimistic 4-32
2026-09-02 23:31:52,105 INFO o.a.j.t.JMeterThread: Thread is done: 04-pessimistic 4-30
2026-09-02 23:31:52,105 INFO o.a.j.t.JMeterThread: Thread finished: 04-pessimistic 4-30
2026-09-02 23:31:52,168 INFO o.a.j.t.JMeterThread: Thread started: 04-pessimistic 4-33
2026-09-02 23:31:52,168 INFO o.a.j.t.JMeterThread: Thread is done: 04-pessimistic 4-31
2026-09-02 23:31:52,168 INFO o.a.j.t.JMeterThread: Thread finished: 04-pessimistic 4-31
2026-09-02 23:31:52,247 INFO o.a.j.t.JMeterThread: Thread is done: 04-pessimistic 4-32
2026-09-02 23:31:52,247 INFO o.a.j.t.JMeterThread: Thread finished: 04-pessimistic 4-32
2026-09-02 23:31:52,263 INFO o.a.j.t.JMeterThread: Thread started: 04-pessimistic 4-34
2026-09-02 23:31:52,358 INFO o.a.j.t.JMeterThread: Thread started: 04-pessimistic 4-35
2026-09-02 23:31:52,358 INFO o.a.j.t.JMeterThread: Thread is done: 04-pessimistic 4-33
2026-09-02 23:31:52,358 INFO o.a.j.t.JMeterThread: Thread finished: 04-pessimistic 4-33
2026-09-02 23:31:52,453 INFO o.a.j.t.JMeterThread: Thread started: 04-pessimistic 4-36
2026-09-02 23:31:52,453 INFO o.a.j.t.JMeterThread: Thread is done: 04-pessimistic 4-34
2026-09-02 23:31:52,453 INFO o.a.j.t.JMeterThread: Thread finished: 04-pessimistic 4-34
2026-09-02 23:31:52,518 INFO o.a.j.t.JMeterThread: Thread is done: 04-pessimistic 4-35
2026-09-02 23:31:52,518 INFO o.a.j.t.JMeterThread: Thread finished: 04-pessimistic 4-35
2026-09-02 23:31:52,548 INFO o.a.j.t.JMeterThread: Thread started: 04-pessimistic 4-37
2026-09-02 23:31:52,643 INFO o.a.j.t.JMeterThread: Thread started: 04-pessimistic 4-38
2026-09-02 23:31:52,643 INFO o.a.j.t.JMeterThread: Thread is done: 04-pessimistic 4-36
2026-09-02 23:31:52,643 INFO o.a.j.t.JMeterThread: Thread finished: 04-pessimistic 4-36
2026-09-02 23:31:52,763 INFO o.a.j.t.JMeterThread: Thread started: 04-pessimistic 4-39
2026-09-02 23:31:52,785 INFO o.a.j.t.JMeterThread: Thread is done: 04-pessimistic 4-37
2026-09-02 23:31:52,785 INFO o.a.j.t.JMeterThread: Thread finished: 04-pessimistic 4-37
2026-09-02 23:31:52,850 INFO o.a.j.t.JMeterThread: Thread started: 04-pessimistic 4-40
2026-09-02 23:31:52,881 INFO o.a.j.t.JMeterThread: Thread is done: 04-pessimistic 4-38
2026-09-02 23:31:52,881 INFO o.a.j.t.JMeterThread: Thread finished: 04-pessimistic 4-38
2026-09-02 23:31:52,945 INFO o.a.j.t.JMeterThread: Thread started: 04-pessimistic 4-41
2026-09-02 23:31:52,968 INFO o.a.j.t.JMeterThread: Thread is done: 04-pessimistic 4-39
2026-09-02 23:31:52,968 INFO o.a.j.t.JMeterThread: Thread finished: 04-pessimistic 4-39
2026-09-02 23:31:53,007 INFO o.a.j.t.JMeterThread: Thread is done: 04-pessimistic 4-40
2026-09-02 23:31:53,007 INFO o.a.j.t.JMeterThread: Thread finished: 04-pessimistic 4-40
2026-09-02 23:31:53,071 INFO o.a.j.t.JMeterThread: Thread started: 04-pessimistic 4-42
2026-09-02 23:31:53,087 INFO o.a.j.t.JMeterThread: Thread is done: 04-pessimistic 4-41
2026-09-02 23:31:53,090 INFO o.a.j.t.JMeterThread: Thread finished: 04-pessimistic 4-41
2026-09-02 23:31:53,166 INFO o.a.j.t.JMeterThread: Thread started: 04-pessimistic 4-43
2026-09-02 23:31:53,261 INFO o.a.j.t.JMeterThread: Thread started: 04-pessimistic 4-44
2026-09-02 23:31:53,267 INFO o.a.j.t.JMeterThread: Thread is done: 04-pessimistic 4-42
2026-09-02 23:31:53,267 INFO o.a.j.t.JMeterThread: Thread finished: 04-pessimistic 4-42
2026-09-02 23:31:53,356 INFO o.a.j.t.JMeterThread: Thread started: 04-pessimistic 4-45
2026-09-02 23:31:53,373 INFO o.a.j.t.JMeterThread: Thread is done: 04-pessimistic 4-43
2026-09-02 23:31:53,373 INFO o.a.j.t.JMeterThread: Thread finished: 04-pessimistic 4-43
2026-09-02 23:31:53,450 INFO o.a.j.t.JMeterThread: Thread is done: 04-pessimistic 4-44
2026-09-02 23:31:53,450 INFO o.a.j.t.JMeterThread: Thread finished: 04-pessimistic 4-44
2026-09-02 23:31:53,466 INFO o.a.j.t.JMeterThread: Thread started: 04-pessimistic 4-46
2026-09-02 23:31:53,529 INFO o.a.j.t.JMeterThread: Thread is done: 04-pessimistic 4-45
2026-09-02 23:31:53,529 INFO o.a.j.t.JMeterThread: Thread finished: 04-pessimistic 4-45
2026-09-02 23:31:53,561 INFO o.a.j.t.JMeterThread: Thread started: 04-pessimistic 4-47
2026-09-02 23:31:53,647 INFO o.a.j.t.JMeterThread: Thread is done: 04-pessimistic 4-46
2026-09-02 23:31:53,647 INFO o.a.j.t.JMeterThread: Thread finished: 04-pessimistic 4-46
2026-09-02 23:31:53,655 INFO o.a.j.t.JMeterThread: Thread started: 04-pessimistic 4-48
2026-09-02 23:31:53,751 INFO o.a.j.t.JMeterThread: Thread is done: 04-pessimistic 4-47
2026-09-02 23:31:53,751 INFO o.a.j.t.JMeterThread: Thread finished: 04-pessimistic 4-47
2026-09-02 23:31:53,767 INFO o.a.j.t.JMeterThread: Thread started: 04-pessimistic 4-49
2026-09-02 23:31:53,847 INFO o.a.j.t.JMeterThread: Thread is done: 04-pessimistic 4-48
2026-09-02 23:31:53,847 INFO o.a.j.t.JMeterThread: Thread finished: 04-pessimistic 4-48
2026-09-02 23:31:53,862 INFO o.a.j.t.JMeterThread: Thread started: 04-pessimistic 4-50
2026-09-02 23:31:53,941 INFO o.a.j.t.JMeterThread: Thread is done: 04-pessimistic 4-49
2026-09-02 23:31:53,941 INFO o.a.j.t.JMeterThread: Thread finished: 04-pessimistic 4-49
2026-09-02 23:31:54,036 INFO o.a.j.t.JMeterThread: Thread is done: 04-pessimistic 4-50
2026-09-02 23:31:54,036 INFO o.a.j.t.JMeterThread: Thread finished: 04-pessimistic 4-50
2026-09-02 23:31:54,036 INFO o.a.j.e.StandardJMeterEngine: Starting ThreadGroup: 5 : 05-optimistic
2026-09-02 23:31:54,036 INFO o.a.j.e.StandardJMeterEngine: Starting 50 threads for group 05-optimistic.
2026-09-02 23:31:54,036 INFO o.a.j.e.StandardJMeterEngine: Thread will continue on error
2026-09-02 23:31:54,036 INFO o.a.j.t.ThreadGroup: Starting thread group... number=5 threads=50 ramp-up=5 delayedStart=false
2026-09-02 23:31:54,036 INFO o.a.j.t.JMeterThread: Thread started: 05-optimistic 5-1
2026-09-02 23:31:54,100 INFO o.a.j.t.ThreadGroup: Started thread group number 5
2026-09-02 23:31:54,100 INFO o.a.j.e.StandardJMeterEngine: All thread groups have been started
2026-09-02 23:31:54,195 INFO o.a.j.t.JMeterThread: Thread started: 05-optimistic 5-2
2026-09-02 23:31:54,286 INFO o.a.j.t.JMeterThread: Thread is done: 05-optimistic 5-1
2026-09-02 23:31:54,286 INFO o.a.j.t.JMeterThread: Thread finished: 05-optimistic 5-1
2026-09-02 23:31:54,311 INFO o.a.j.t.JMeterThread: Thread started: 05-optimistic 5-3
2026-09-02 23:31:54,402 INFO o.a.j.t.JMeterThread: Thread started: 05-optimistic 5-4
2026-09-02 23:31:54,466 INFO o.a.j.t.JMeterThread: Thread is done: 05-optimistic 5-2
2026-09-02 23:31:54,466 INFO o.a.j.t.JMeterThread: Thread finished: 05-optimistic 5-2
2026-09-02 23:31:54,498 INFO o.a.j.t.JMeterThread: Thread started: 05-optimistic 5-5
2026-09-02 23:31:54,590 INFO o.a.j.t.JMeterThread: Thread is done: 05-optimistic 5-3
2026-09-02 23:31:54,590 INFO o.a.j.t.JMeterThread: Thread finished: 05-optimistic 5-3
2026-09-02 23:31:54,609 INFO o.a.j.t.JMeterThread: Thread started: 05-optimistic 5-6
2026-09-02 23:31:54,691 INFO o.a.j.t.JMeterThread: Thread is done: 05-optimistic 5-4
2026-09-02 23:31:54,691 INFO o.a.j.t.JMeterThread: Thread finished: 05-optimistic 5-4
2026-09-02 23:31:54,704 INFO o.a.j.t.JMeterThread: Thread started: 05-optimistic 5-7
2026-09-02 23:31:54,800 INFO o.a.j.t.JMeterThread: Thread started: 05-optimistic 5-8
2026-09-02 23:31:54,807 INFO o.a.j.t.JMeterThread: Thread is done: 05-optimistic 5-5
2026-09-02 23:31:54,807 INFO o.a.j.t.JMeterThread: Thread finished: 05-optimistic 5-5
2026-09-02 23:31:54,899 INFO o.a.j.t.JMeterThread: Thread started: 05-optimistic 5-9
2026-09-02 23:31:54,927 INFO o.a.j.t.JMeterThread: Thread is done: 05-optimistic 5-6
2026-09-02 23:31:54,927 INFO o.a.j.t.JMeterThread: Thread finished: 05-optimistic 5-6
2026-09-02 23:31:54,990 INFO o.a.j.t.JMeterThread: Thread is done: 05-optimistic 5-7
2026-09-02 23:31:54,990 INFO o.a.j.t.JMeterThread: Thread finished: 05-optimistic 5-7
2026-09-02 23:31:55,006 INFO o.a.j.t.JMeterThread: Thread started: 05-optimistic 5-10
2026-09-02 23:31:55,069 INFO o.a.j.t.JMeterThread: Thread is done: 05-optimistic 5-8
2026-09-02 23:31:55,069 INFO o.a.j.t.JMeterThread: Thread finished: 05-optimistic 5-8
2026-09-02 23:31:55,101 INFO o.a.j.t.JMeterThread: Thread is done: 05-optimistic 5-9
2026-09-02 23:31:55,101 INFO o.a.j.t.JMeterThread: Thread finished: 05-optimistic 5-9
2026-09-02 23:31:55,101 INFO o.a.j.t.JMeterThread: Thread started: 05-optimistic 5-11
2026-09-02 23:31:55,199 INFO o.a.j.t.JMeterThread: Thread started: 05-optimistic 5-12
2026-09-02 23:31:55,243 INFO o.a.j.t.JMeterThread: Thread is done: 05-optimistic 5-10
2026-09-02 23:31:55,243 INFO o.a.j.t.JMeterThread: Thread finished: 05-optimistic 5-10
2026-09-02 23:31:55,291 INFO o.a.j.t.JMeterThread: Thread started: 05-optimistic 5-13
2026-09-02 23:31:55,376 INFO o.a.j.t.JMeterThread: Thread is done: 05-optimistic 5-11
2026-09-02 23:31:55,376 INFO o.a.j.t.JMeterThread: Thread finished: 05-optimistic 5-11
2026-09-02 23:31:55,402 INFO o.a.j.t.JMeterThread: Thread started: 05-optimistic 5-14
2026-09-02 23:31:55,407 INFO o.a.j.t.JMeterThread: Thread is done: 05-optimistic 5-12
2026-09-02 23:31:55,407 INFO o.a.j.t.JMeterThread: Thread finished: 05-optimistic 5-12
2026-09-02 23:31:55,487 INFO o.a.j.t.JMeterThread: Thread is done: 05-optimistic 5-13
2026-09-02 23:31:55,487 INFO o.a.j.t.JMeterThread: Thread finished: 05-optimistic 5-13
2026-09-02 23:31:55,497 INFO o.a.j.t.JMeterThread: Thread started: 05-optimistic 5-15
2026-09-02 23:31:55,563 INFO o.a.j.t.JMeterThread: Thread is done: 05-optimistic 5-14
2026-09-02 23:31:55,563 INFO o.a.j.t.JMeterThread: Thread finished: 05-optimistic 5-14
2026-09-02 23:31:55,592 INFO o.a.j.t.JMeterThread: Thread started: 05-optimistic 5-16
2026-09-02 23:31:55,624 INFO o.a.j.t.JMeterThread: Thread is done: 05-optimistic 5-15
2026-09-02 23:31:55,624 INFO o.a.j.t.JMeterThread: Thread finished: 05-optimistic 5-15
2026-09-02 23:31:55,688 INFO o.a.j.t.JMeterThread: Thread started: 05-optimistic 5-17
2026-09-02 23:31:55,787 INFO o.a.j.t.JMeterThread: Thread is done: 05-optimistic 5-16
2026-09-02 23:31:55,787 INFO o.a.j.t.JMeterThread: Thread finished: 05-optimistic 5-16
2026-09-02 23:31:55,799 INFO o.a.j.t.JMeterThread: Thread started: 05-optimistic 5-18
2026-09-02 23:31:55,894 INFO o.a.j.t.JMeterThread: Thread started: 05-optimistic 5-19
2026-09-02 23:31:55,966 INFO o.a.j.t.JMeterThread: Thread is done: 05-optimistic 5-17
2026-09-02 23:31:55,966 INFO o.a.j.t.JMeterThread: Thread finished: 05-optimistic 5-17
2026-09-02 23:31:55,990 INFO o.a.j.t.JMeterThread: Thread started: 05-optimistic 5-20
2026-09-02 23:31:56,101 INFO o.a.j.t.JMeterThread: Thread started: 05-optimistic 5-21
2026-09-02 23:31:56,195 INFO o.a.j.t.JMeterThread: Thread started: 05-optimistic 5-22
2026-09-02 23:31:56,211 INFO o.a.j.t.JMeterThread: Thread is done: 05-optimistic 5-18
2026-09-02 23:31:56,211 INFO o.a.j.t.JMeterThread: Thread finished: 05-optimistic 5-18
2026-09-02 23:31:56,290 INFO o.a.j.t.JMeterThread: Thread started: 05-optimistic 5-23
2026-09-02 23:31:56,290 INFO o.a.j.t.JMeterThread: Thread is done: 05-optimistic 5-19
2026-09-02 23:31:56,290 INFO o.a.j.t.JMeterThread: Thread finished: 05-optimistic 5-19
2026-09-02 23:31:56,306 INFO o.a.j.t.JMeterThread: Thread is done: 05-optimistic 5-20
2026-09-02 23:31:56,306 INFO o.a.j.t.JMeterThread: Thread finished: 05-optimistic 5-20
2026-09-02 23:31:56,355 INFO o.a.j.t.JMeterThread: Thread is done: 05-optimistic 5-21
2026-09-02 23:31:56,355 INFO o.a.j.t.JMeterThread: Thread finished: 05-optimistic 5-21
2026-09-02 23:31:56,400 INFO o.a.j.t.JMeterThread: Thread started: 05-optimistic 5-24
2026-09-02 23:31:56,432 INFO o.a.j.t.JMeterThread: Thread is done: 05-optimistic 5-22
2026-09-02 23:31:56,432 INFO o.a.j.t.JMeterThread: Thread finished: 05-optimistic 5-22
2026-09-02 23:31:56,511 INFO o.a.j.t.JMeterThread: Thread started: 05-optimistic 5-25
2026-09-02 23:31:56,511 INFO o.a.j.t.JMeterThread: Thread is done: 05-optimistic 5-23
2026-09-02 23:31:56,511 INFO o.a.j.t.JMeterThread: Thread finished: 05-optimistic 5-23
2026-09-02 23:31:56,590 INFO o.a.j.t.JMeterThread: Thread is done: 05-optimistic 5-24
2026-09-02 23:31:56,590 INFO o.a.j.t.JMeterThread: Thread finished: 05-optimistic 5-24
2026-09-02 23:31:56,622 INFO o.a.j.t.JMeterThread: Thread started: 05-optimistic 5-26
2026-09-02 23:31:56,685 INFO o.a.j.t.JMeterThread: Thread is done: 05-optimistic 5-25
2026-09-02 23:31:56,685 INFO o.a.j.t.JMeterThread: Thread finished: 05-optimistic 5-25
2026-09-02 23:31:56,717 INFO o.a.j.t.JMeterThread: Thread started: 05-optimistic 5-27
2026-09-02 23:31:56,789 INFO o.a.j.t.JMeterThread: Thread is done: 05-optimistic 5-26
2026-09-02 23:31:56,789 INFO o.a.j.t.JMeterThread: Thread finished: 05-optimistic 5-26
2026-09-02 23:31:56,796 INFO o.a.j.t.JMeterThread: Thread started: 05-optimistic 5-28
2026-09-02 23:31:56,891 INFO o.a.j.t.JMeterThread: Thread started: 05-optimistic 5-29
2026-09-02 23:31:56,923 INFO o.a.j.t.JMeterThread: Thread is done: 05-optimistic 5-27
2026-09-02 23:31:56,923 INFO o.a.j.t.JMeterThread: Thread finished: 05-optimistic 5-27
2026-09-02 23:31:56,987 INFO o.a.j.t.JMeterThread: Thread started: 05-optimistic 5-30
2026-09-02 23:31:57,003 INFO o.a.j.t.JMeterThread: Thread is done: 05-optimistic 5-28
2026-09-02 23:31:57,003 INFO o.a.j.t.JMeterThread: Thread finished: 05-optimistic 5-28
2026-09-02 23:31:57,083 INFO o.a.j.t.JMeterThread: Thread started: 05-optimistic 5-31
2026-09-02 23:31:57,099 INFO o.a.j.t.JMeterThread: Thread is done: 05-optimistic 5-29
2026-09-02 23:31:57,099 INFO o.a.j.t.JMeterThread: Thread finished: 05-optimistic 5-29
2026-09-02 23:31:57,179 INFO o.a.j.t.JMeterThread: Thread started: 05-optimistic 5-32
2026-09-02 23:31:57,179 INFO o.a.j.t.JMeterThread: Thread is done: 05-optimistic 5-30
2026-09-02 23:31:57,179 INFO o.a.j.t.JMeterThread: Thread finished: 05-optimistic 5-30
2026-09-02 23:31:57,255 INFO o.a.j.t.JMeterThread: Thread is done: 05-optimistic 5-31
2026-09-02 23:31:57,255 INFO o.a.j.t.JMeterThread: Thread finished: 05-optimistic 5-31
2026-09-02 23:31:57,273 INFO o.a.j.t.JMeterThread: Thread started: 05-optimistic 5-33
2026-09-02 23:31:57,369 INFO o.a.j.t.JMeterThread: Thread is done: 05-optimistic 5-32
2026-09-02 23:31:57,369 INFO o.a.j.t.JMeterThread: Thread finished: 05-optimistic 5-32
2026-09-02 23:31:57,384 INFO o.a.j.t.JMeterThread: Thread started: 05-optimistic 5-34
2026-09-02 23:31:57,463 INFO o.a.j.t.JMeterThread: Thread is done: 05-optimistic 5-33
2026-09-02 23:31:57,463 INFO o.a.j.t.JMeterThread: Thread finished: 05-optimistic 5-33
2026-09-02 23:31:57,479 INFO o.a.j.t.JMeterThread: Thread started: 05-optimistic 5-35
2026-09-02 23:31:57,573 INFO o.a.j.t.JMeterThread: Thread started: 05-optimistic 5-36
2026-09-02 23:31:57,573 INFO o.a.j.t.JMeterThread: Thread is done: 05-optimistic 5-34
2026-09-02 23:31:57,573 INFO o.a.j.t.JMeterThread: Thread finished: 05-optimistic 5-34
2026-09-02 23:31:57,668 INFO o.a.j.t.JMeterThread: Thread started: 05-optimistic 5-37
2026-09-02 23:31:57,680 INFO o.a.j.t.JMeterThread: Thread is done: 05-optimistic 5-35
2026-09-02 23:31:57,681 INFO o.a.j.t.JMeterThread: Thread finished: 05-optimistic 5-35
2026-09-02 23:31:57,767 INFO o.a.j.t.JMeterThread: Thread is done: 05-optimistic 5-36
2026-09-02 23:31:57,767 INFO o.a.j.t.JMeterThread: Thread finished: 05-optimistic 5-36
2026-09-02 23:31:57,778 INFO o.a.j.t.JMeterThread: Thread started: 05-optimistic 5-38
2026-09-02 23:31:57,858 INFO o.a.j.t.JMeterThread: Thread is done: 05-optimistic 5-37
2026-09-02 23:31:57,858 INFO o.a.j.t.JMeterThread: Thread finished: 05-optimistic 5-37
2026-09-02 23:31:57,874 INFO o.a.j.t.JMeterThread: Thread started: 05-optimistic 5-39
2026-09-02 23:31:57,961 INFO o.a.j.t.JMeterThread: Thread is done: 05-optimistic 5-38
2026-09-02 23:31:57,961 INFO o.a.j.t.JMeterThread: Thread finished: 05-optimistic 5-38
2026-09-02 23:31:57,968 INFO o.a.j.t.JMeterThread: Thread started: 05-optimistic 5-40
2026-09-02 23:31:58,048 INFO o.a.j.t.JMeterThread: Thread is done: 05-optimistic 5-39
2026-09-02 23:31:58,048 INFO o.a.j.t.JMeterThread: Thread finished: 05-optimistic 5-39
2026-09-02 23:31:58,079 INFO o.a.j.t.JMeterThread: Thread started: 05-optimistic 5-41
2026-09-02 23:31:58,142 INFO o.a.j.t.JMeterThread: Thread is done: 05-optimistic 5-40
2026-09-02 23:31:58,142 INFO o.a.j.t.JMeterThread: Thread finished: 05-optimistic 5-40
2026-09-02 23:31:58,158 INFO o.a.j.t.JMeterThread: Thread started: 05-optimistic 5-42
2026-09-02 23:31:58,253 INFO o.a.j.t.JMeterThread: Thread started: 05-optimistic 5-43
2026-09-02 23:31:58,269 INFO o.a.j.t.JMeterThread: Thread is done: 05-optimistic 5-41
2026-09-02 23:31:58,269 INFO o.a.j.t.JMeterThread: Thread finished: 05-optimistic 5-41
2026-09-02 23:31:58,347 INFO o.a.j.t.JMeterThread: Thread is done: 05-optimistic 5-42
2026-09-02 23:31:58,347 INFO o.a.j.t.JMeterThread: Thread finished: 05-optimistic 5-42
2026-09-02 23:31:58,363 INFO o.a.j.t.JMeterThread: Thread started: 05-optimistic 5-44
2026-09-02 23:31:58,442 INFO o.a.j.t.JMeterThread: Thread is done: 05-optimistic 5-43
2026-09-02 23:31:58,442 INFO o.a.j.t.JMeterThread: Thread finished: 05-optimistic 5-43
2026-09-02 23:31:58,458 INFO o.a.j.t.JMeterThread: Thread started: 05-optimistic 5-45
2026-09-02 23:31:58,537 INFO o.a.j.t.JMeterThread: Thread is done: 05-optimistic 5-44
2026-09-02 23:31:58,537 INFO o.a.j.t.JMeterThread: Thread finished: 05-optimistic 5-44
2026-09-02 23:31:58,568 INFO o.a.j.t.JMeterThread: Thread started: 05-optimistic 5-46
2026-09-02 23:31:58,647 INFO o.a.j.t.JMeterThread: Thread is done: 05-optimistic 5-45
2026-09-02 23:31:58,647 INFO o.a.j.t.JMeterThread: Thread finished: 05-optimistic 5-45
2026-09-02 23:31:58,663 INFO o.a.j.t.JMeterThread: Thread started: 05-optimistic 5-47
2026-09-02 23:31:58,757 INFO o.a.j.t.JMeterThread: Thread started: 05-optimistic 5-48
2026-09-02 23:31:58,757 INFO o.a.j.t.JMeterThread: Thread is done: 05-optimistic 5-46
2026-09-02 23:31:58,757 INFO o.a.j.t.JMeterThread: Thread finished: 05-optimistic 5-46
2026-09-02 23:31:58,837 INFO o.a.j.t.JMeterThread: Thread is done: 05-optimistic 5-47
2026-09-02 23:31:58,837 INFO o.a.j.t.JMeterThread: Thread finished: 05-optimistic 5-47
2026-09-02 23:31:58,869 INFO o.a.j.t.JMeterThread: Thread started: 05-optimistic 5-49
2026-09-02 23:31:58,932 INFO o.a.j.t.JMeterThread: Thread is done: 05-optimistic 5-48
2026-09-02 23:31:58,932 INFO o.a.j.t.JMeterThread: Thread finished: 05-optimistic 5-48
2026-09-02 23:31:58,964 INFO o.a.j.t.JMeterThread: Thread started: 05-optimistic 5-50
2026-09-02 23:31:59,058 INFO o.a.j.t.JMeterThread: Thread is done: 05-optimistic 5-49
2026-09-02 23:31:59,058 INFO o.a.j.t.JMeterThread: Thread finished: 05-optimistic 5-49
2026-09-02 23:31:59,168 INFO o.a.j.t.JMeterThread: Thread is done: 05-optimistic 5-50
2026-09-02 23:31:59,168 INFO o.a.j.t.JMeterThread: Thread finished: 05-optimistic 5-50
2026-09-02 23:31:59,199 INFO o.a.j.e.StandardJMeterEngine: Notifying test listeners of end of test
2026-09-02 23:31:59,199 INFO o.a.j.r.Summariser: summary +    749 in 00:00:25 =   29.6/s Avg:    79 Min:     5 Max:   702 Err:     0 (0.00%) Active: 0 Started: 250 Finished: 250
2026-09-02 23:31:59,199 INFO o.a.j.r.Summariser: summary =    750 in 00:00:26 =   29.1/s Avg:    79 Min:     5 Max:   702 Err:     0 (0.00%)
2026-09-02 23:31:59,199 INFO o.a.j.JMeter: Generating Dashboard
2026-09-02 23:31:59,199 INFO o.a.j.r.d.ReportGenerator: Flushing result collector before report Generation
2026-09-02 23:31:59,278 INFO o.a.j.r.p.NormalizerSampleConsumer: Using format, 'ms', to parse timeStamp field
2026-09-02 23:31:59,716 INFO o.a.j.r.p.AbstractSampleConsumer: class org.apache.jmeter.report.processor.AggregateConsumer#stopProducing(): beginDate produced 0 samples
2026-09-02 23:31:59,716 INFO o.a.j.r.p.AbstractSampleConsumer: class org.apache.jmeter.report.processor.AggregateConsumer#stopProducing(): endDate produced 0 samples
2026-09-02 23:31:59,721 INFO o.a.j.r.p.AbstractSampleConsumer: class org.apache.jmeter.report.processor.ApdexSummaryConsumer#stopProducing(): apdexSummary produced 0 samples
2026-09-02 23:31:59,721 INFO o.a.j.r.p.AbstractSampleConsumer: class org.apache.jmeter.report.processor.RequestsSummaryConsumer#stopProducing(): requestsSummary produced 0 samples
2026-09-02 23:31:59,721 INFO o.a.j.r.p.AbstractSampleConsumer: class org.apache.jmeter.report.processor.StatisticsSummaryConsumer#stopProducing(): statisticsSummary produced 0 samples
2026-09-02 23:31:59,736 INFO o.a.j.r.p.AbstractSampleConsumer: class org.apache.jmeter.report.processor.Top5ErrorsBySamplerConsumer#stopProducing(): top5ErrorsBySampler produced 0 samples
2026-09-02 23:31:59,736 INFO o.a.j.r.p.AbstractSampleConsumer: class org.apache.jmeter.report.processor.ErrorsSummaryConsumer#stopProducing(): errorsSummary produced 0 samples
2026-09-02 23:31:59,736 INFO o.a.j.r.p.AbstractSampleConsumer: class org.apache.jmeter.report.processor.graph.impl.HitsPerSecondGraphConsumer#stopProducing(): hitsPerSecond produced 0 samples
2026-09-02 23:31:59,847 INFO o.a.j.r.p.AbstractSampleConsumer: class org.apache.jmeter.report.processor.graph.impl.LatencyVSRequestGraphConsumer#stopProducing(): latencyVsRequest produced 0 samples
2026-09-02 23:31:59,847 INFO o.a.j.r.p.AbstractSampleConsumer: class org.apache.jmeter.report.processor.graph.impl.SyntheticResponseTimeDistributionGraphConsumer#stopProducing(): syntheticResponseTimeDistribution produced 0 samples
2026-09-02 23:31:59,847 INFO o.a.j.r.p.AbstractSampleConsumer: class org.apache.jmeter.report.processor.graph.impl.BytesThroughputGraphConsumer#stopProducing(): bytesThroughputOverTime produced 0 samples
2026-09-02 23:31:59,847 INFO o.a.j.r.p.AbstractSampleConsumer: class org.apache.jmeter.report.processor.graph.impl.CodesPerSecondGraphConsumer#stopProducing(): codesPerSecond produced 0 samples
2026-09-02 23:31:59,941 INFO o.a.j.r.p.AbstractSampleConsumer: class org.apache.jmeter.report.processor.graph.impl.ResponseTimeVSRequestGraphConsumer#stopProducing(): responseTimeVsRequest produced 0 samples
2026-09-02 23:31:59,957 INFO o.a.j.r.p.AbstractSampleConsumer: class org.apache.jmeter.report.processor.FilterConsumer#stopProducing(): startIntervalControlerFilter produced 5250 samples
2026-09-02 23:31:59,957 INFO o.a.j.r.p.AbstractSampleConsumer: class org.apache.jmeter.report.processor.graph.impl.TotalTPSGraphConsumer#stopProducing(): totalTPS produced 0 samples
2026-09-02 23:31:59,957 INFO o.a.j.r.p.AbstractSampleConsumer: class org.apache.jmeter.report.processor.graph.impl.ActiveThreadsGraphConsumer#stopProducing(): activeThreadsOverTime produced 0 samples
2026-09-02 23:31:59,957 INFO o.a.j.r.p.AbstractSampleConsumer: class org.apache.jmeter.report.processor.graph.impl.TimeVSThreadGraphConsumer#stopProducing(): timeVsThreads produced 0 samples
2026-09-02 23:31:59,957 INFO o.a.j.r.p.AbstractSampleConsumer: class org.apache.jmeter.report.processor.graph.impl.ResponseTimeDistributionGraphConsumer#stopProducing(): responseTimeDistribution produced 0 samples
2026-09-02 23:31:59,957 INFO o.a.j.r.p.AbstractSampleConsumer: class org.apache.jmeter.report.processor.graph.impl.TransactionsPerSecondGraphConsumer#stopProducing(): transactionsPerSecond produced 0 samples
2026-09-02 23:31:59,957 INFO o.a.j.r.p.AbstractSampleConsumer: class org.apache.jmeter.report.processor.graph.impl.ResponseTimePercentilesGraphConsumer#stopProducing(): responseTimePercentiles produced 0 samples
2026-09-02 23:31:59,957 INFO o.a.j.r.p.AbstractSampleConsumer: class org.apache.jmeter.report.processor.graph.impl.ResponseTimePercentilesOverTimeGraphConsumer#stopProducing(): responseTimePercentilesOverTime produced 0 samples
2026-09-02 23:31:59,957 INFO o.a.j.r.p.AbstractSampleConsumer: class org.apache.jmeter.report.processor.graph.impl.ResponseTimeOverTimeGraphConsumer#stopProducing(): responseTimesOverTime produced 0 samples
2026-09-02 23:31:59,957 INFO o.a.j.r.p.AbstractSampleConsumer: class org.apache.jmeter.report.processor.graph.impl.ConnectTimeOverTimeGraphConsumer#stopProducing(): connectTimeOverTime produced 0 samples
2026-09-02 23:31:59,957 INFO o.a.j.r.p.AbstractSampleConsumer: class org.apache.jmeter.report.processor.graph.impl.LatencyOverTimeGraphConsumer#stopProducing(): latenciesOverTime produced 0 samples
2026-09-02 23:31:59,957 INFO o.a.j.r.p.AbstractSampleConsumer: class org.apache.jmeter.report.processor.FilterConsumer#stopProducing(): nameFilter produced 11250 samples
2026-09-02 23:31:59,957 INFO o.a.j.r.p.AbstractSampleConsumer: class org.apache.jmeter.report.processor.FilterConsumer#stopProducing(): dateRangeFilter produced 2250 samples
2026-09-02 23:31:59,957 INFO o.a.j.r.p.AbstractSampleConsumer: class org.apache.jmeter.report.processor.NormalizerSampleConsumer#stopProducing(): normalizer produced 750 samples
2026-09-02 23:31:59,957 INFO o.a.j.r.p.CsvFileSampleSource: produce(): 750 samples produced in 631ms on channel 0
2026-09-02 23:31:59,957 INFO o.a.j.r.d.ReportGenerator: Exporting data using exporter:'json' of className:'org.apache.jmeter.report.dashboard.JsonExporter'
2026-09-02 23:32:00,225 INFO o.a.j.r.d.JsonExporter: Found data for consumer statisticsSummary in context
2026-09-02 23:32:00,225 INFO o.a.j.r.d.JsonExporter: Creating statistics for overall
2026-09-02 23:32:00,225 INFO o.a.j.r.d.JsonExporter: Creating statistics for other transactions
2026-09-02 23:32:00,225 INFO o.a.j.r.d.JsonExporter: Checking output folder
2026-09-02 23:32:00,225 INFO o.a.j.r.d.JsonExporter: Writing statistics JSON to C:\Users\Anamaria\IdeaProjects\booking-concurrency-study\benchmarks\jmeter\results\jmeter-repeated-t50\rep-15-report\statistics.json
2026-09-02 23:32:00,398 INFO o.a.j.r.d.ReportGenerator: Exporting data using exporter:'html' of className:'org.apache.jmeter.report.dashboard.HtmlTemplateExporter'
2026-09-02 23:32:00,414 INFO o.a.j.r.d.HtmlTemplateExporter: Will generate dashboard in folder: C:\Users\Anamaria\IdeaProjects\booking-concurrency-study\benchmarks\jmeter\results\jmeter-repeated-t50\rep-15-report
2026-09-02 23:32:00,746 INFO o.a.j.r.d.HtmlTemplateExporter: Report will be generated in: C:\Users\Anamaria\IdeaProjects\booking-concurrency-study\benchmarks\jmeter\results\jmeter-repeated-t50\rep-15-report, creating folder structure
2026-09-02 23:32:00,761 INFO o.a.j.r.d.TemplateVisitor: Copying folder from 'C:\Users\Anamaria\tools\apache-jmeter-5.6.3\bin\report-template' to 'C:\Users\Anamaria\IdeaProjects\booking-concurrency-study\benchmarks\jmeter\results\jmeter-repeated-t50\rep-15-report', got message: C:\Users\Anamaria\IdeaProjects\booking-concurrency-study\benchmarks\jmeter\results\jmeter-repeated-t50\rep-15-report, found non empty folder with following content [C:\Users\Anamaria\IdeaProjects\booking-concurrency-study\benchmarks\jmeter\results\jmeter-repeated-t50\rep-15-report\statistics.json], will be ignored
2026-09-02 23:32:01,377 INFO o.a.j.JMeter: Dashboard generated
